[2025-10-29T15:37:38.235+0000] {local_task_job_runner.py:120} INFO - ::group::Pre task execution logs
[2025-10-29T15:37:38.281+0000] {taskinstance.py:2076} INFO - Dependencies all met for dep_context=non-requeueable deps ti=<TaskInstance: police_data_ingestion.fetch_and_load_police_data manual__2025-10-29T15:37:36.820712+00:00 [queued]>
[2025-10-29T15:37:38.293+0000] {taskinstance.py:2076} INFO - Dependencies all met for dep_context=requeueable deps ti=<TaskInstance: police_data_ingestion.fetch_and_load_police_data manual__2025-10-29T15:37:36.820712+00:00 [queued]>
[2025-10-29T15:37:38.294+0000] {taskinstance.py:2306} INFO - Starting attempt 1 of 1
[2025-10-29T15:37:38.311+0000] {taskinstance.py:2330} INFO - Executing <Task(PythonOperator): fetch_and_load_police_data> on 2025-10-29 15:37:36.820712+00:00
[2025-10-29T15:37:38.325+0000] {standard_task_runner.py:90} INFO - Running: ['***', 'tasks', 'run', 'police_data_ingestion', 'fetch_and_load_police_data', 'manual__2025-10-29T15:37:36.820712+00:00', '--job-id', '2', '--raw', '--subdir', 'DAGS_FOLDER/data_ingestion.py', '--cfg-path', '/tmp/tmpi7osddra']
[2025-10-29T15:37:38.328+0000] {logging_mixin.py:188} WARNING - /home/***/.local/lib/python3.12/site-packages/***/task/task_runner/standard_task_runner.py:61 DeprecationWarning: This process (pid=689) is multi-threaded, use of fork() may lead to deadlocks in the child.
[2025-10-29T15:37:38.329+0000] {standard_task_runner.py:91} INFO - Job 2: Subtask fetch_and_load_police_data
[2025-10-29T15:37:38.330+0000] {standard_task_runner.py:63} INFO - Started process 691 to run task
[2025-10-29T15:37:38.426+0000] {task_command.py:426} INFO - Running <TaskInstance: police_data_ingestion.fetch_and_load_police_data manual__2025-10-29T15:37:36.820712+00:00 [running]> on host f95ea7d4b7e5
[2025-10-29T15:37:38.791+0000] {taskinstance.py:2648} INFO - Exporting env vars: AIRFLOW_CTX_DAG_OWNER='***' AIRFLOW_CTX_DAG_ID='police_data_ingestion' AIRFLOW_CTX_TASK_ID='fetch_and_load_police_data' AIRFLOW_CTX_EXECUTION_DATE='2025-10-29T15:37:36.820712+00:00' AIRFLOW_CTX_TRY_NUMBER='1' AIRFLOW_CTX_DAG_RUN_ID='manual__2025-10-29T15:37:36.820712+00:00'
[2025-10-29T15:37:38.793+0000] {taskinstance.py:430} INFO - ::endgroup::
[2025-10-29T15:37:39.067+0000] {logging_mixin.py:188} INFO - Latest month: 2025-08
[2025-10-29T15:37:39.069+0000] {crypto.py:82} WARNING - empty cryptography key - values will not be stored encrypted.
[2025-10-29T15:37:39.070+0000] {base.py:84} INFO - Using connection ID 'project_db' for task execution.
[2025-10-29T15:37:39.072+0000] {base.py:84} INFO - Using connection ID 'project_db' for task execution.
[2025-10-29T15:37:39.082+0000] {sql.py:487} INFO - Running statement: 
        SELECT 1 FROM crimes WHERE data_month = %s LIMIT 1;
    , parameters: ('2025-08',)
[2025-10-29T15:37:39.084+0000] {logging_mixin.py:188} INFO - Table might not exist yet — proceeding with first load.
[2025-10-29T15:37:39.087+0000] {logging_mixin.py:188} INFO - Downloading https://data.police.uk/data/archive/2025-08.zip
[2025-10-29T15:47:09.487+0000] {logging_mixin.py:188} INFO - Found files: ['2022-09/2022-09-cambridgeshire-street.csv', '2022-09/2022-09-cambridgeshire-stop-and-search.csv', '2022-10/2022-10-cambridgeshire-street.csv', '2022-10/2022-10-cambridgeshire-stop-and-search.csv', '2022-11/2022-11-cambridgeshire-street.csv', '2022-11/2022-11-cambridgeshire-stop-and-search.csv', '2022-12/2022-12-cambridgeshire-street.csv', '2022-12/2022-12-cambridgeshire-stop-and-search.csv', '2023-01/2023-01-cambridgeshire-street.csv', '2023-01/2023-01-cambridgeshire-stop-and-search.csv', '2023-02/2023-02-cambridgeshire-street.csv', '2023-02/2023-02-cambridgeshire-stop-and-search.csv', '2023-03/2023-03-cambridgeshire-street.csv', '2023-03/2023-03-cambridgeshire-stop-and-search.csv', '2023-04/2023-04-cambridgeshire-street.csv', '2023-04/2023-04-cambridgeshire-stop-and-search.csv', '2023-05/2023-05-cambridgeshire-street.csv', '2023-05/2023-05-cambridgeshire-stop-and-search.csv', '2023-06/2023-06-cambridgeshire-street.csv', '2023-06/2023-06-cambridgeshire-stop-and-search.csv', '2023-07/2023-07-cambridgeshire-street.csv', '2023-07/2023-07-cambridgeshire-stop-and-search.csv', '2023-08/2023-08-cambridgeshire-street.csv', '2023-08/2023-08-cambridgeshire-stop-and-search.csv', '2023-09/2023-09-cambridgeshire-street.csv', '2023-09/2023-09-cambridgeshire-stop-and-search.csv', '2023-10/2023-10-cambridgeshire-street.csv', '2023-10/2023-10-cambridgeshire-stop-and-search.csv', '2023-11/2023-11-cambridgeshire-street.csv', '2023-11/2023-11-cambridgeshire-stop-and-search.csv', '2023-12/2023-12-cambridgeshire-street.csv', '2023-12/2023-12-cambridgeshire-stop-and-search.csv', '2024-01/2024-01-cambridgeshire-street.csv', '2024-01/2024-01-cambridgeshire-stop-and-search.csv', '2024-02/2024-02-cambridgeshire-street.csv', '2024-02/2024-02-cambridgeshire-stop-and-search.csv', '2024-03/2024-03-cambridgeshire-street.csv', '2024-03/2024-03-cambridgeshire-stop-and-search.csv', '2024-04/2024-04-cambridgeshire-street.csv', '2024-04/2024-04-cambridgeshire-stop-and-search.csv', '2024-05/2024-05-cambridgeshire-street.csv', '2024-05/2024-05-cambridgeshire-stop-and-search.csv', '2024-06/2024-06-cambridgeshire-street.csv', '2024-06/2024-06-cambridgeshire-stop-and-search.csv', '2024-07/2024-07-cambridgeshire-street.csv', '2024-07/2024-07-cambridgeshire-stop-and-search.csv', '2024-08/2024-08-cambridgeshire-street.csv', '2024-08/2024-08-cambridgeshire-stop-and-search.csv', '2024-09/2024-09-cambridgeshire-street.csv', '2024-09/2024-09-cambridgeshire-stop-and-search.csv', '2024-10/2024-10-cambridgeshire-street.csv', '2024-10/2024-10-cambridgeshire-stop-and-search.csv', '2024-11/2024-11-cambridgeshire-street.csv', '2024-11/2024-11-cambridgeshire-stop-and-search.csv', '2024-12/2024-12-cambridgeshire-street.csv', '2024-12/2024-12-cambridgeshire-stop-and-search.csv', '2025-01/2025-01-cambridgeshire-street.csv', '2025-01/2025-01-cambridgeshire-stop-and-search.csv', '2025-02/2025-02-cambridgeshire-street.csv', '2025-02/2025-02-cambridgeshire-stop-and-search.csv', '2025-03/2025-03-cambridgeshire-street.csv', '2025-03/2025-03-cambridgeshire-stop-and-search.csv', '2025-04/2025-04-cambridgeshire-street.csv', '2025-04/2025-04-cambridgeshire-stop-and-search.csv', '2025-05/2025-05-cambridgeshire-street.csv', '2025-05/2025-05-cambridgeshire-stop-and-search.csv', '2025-06/2025-06-cambridgeshire-street.csv', '2025-06/2025-06-cambridgeshire-stop-and-search.csv', '2025-07/2025-07-cambridgeshire-street.csv', '2025-07/2025-07-cambridgeshire-stop-and-search.csv', '2025-08/2025-08-cambridgeshire-street.csv', '2025-08/2025-08-cambridgeshire-stop-and-search.csv']
[2025-10-29T15:47:09.557+0000] {logging_mixin.py:188} INFO - Loading crimes: 6938 rows
[2025-10-29T15:47:09.559+0000] {base.py:84} INFO - Using connection ID 'project_db' for task execution.
[2025-10-29T15:47:09.570+0000] {sql.py:487} INFO - Running statement: CREATE TABLE IF NOT EXISTS crimes ("crime_id" TEXT, "month" TEXT, "reported_by" TEXT, "falls_within" TEXT, "longitude" TEXT, "latitude" TEXT, "location" TEXT, "lsoa_code" TEXT, "lsoa_name" TEXT, "crime_type" TEXT, "last_outcome_category" TEXT, "context" TEXT, "data_month" TEXT);, parameters: None
[2025-10-29T15:47:09.604+0000] {base.py:84} INFO - Using connection ID 'project_db' for task execution.
[2025-10-29T15:47:09.617+0000] {sql.py:487} INFO - Running statement: DELETE FROM crimes WHERE data_month = %s;, parameters: ('2025-08',)
[2025-10-29T15:47:09.620+0000] {sql.py:496} INFO - Rows affected: 0
[2025-10-29T15:47:10.057+0000] {logging_mixin.py:188} INFO - Loading stop_search: 234 rows
[2025-10-29T15:47:10.058+0000] {base.py:84} INFO - Using connection ID 'project_db' for task execution.
[2025-10-29T15:47:10.068+0000] {sql.py:487} INFO - Running statement: CREATE TABLE IF NOT EXISTS stop_search ("type" TEXT, "date" TEXT, "part_of_a_policing_operation" TEXT, "policing_operation" TEXT, "latitude" TEXT, "longitude" TEXT, "gender" TEXT, "age_range" TEXT, "self_defined_ethnicity" TEXT, "officer_defined_ethnicity" TEXT, "legislation" TEXT, "object_of_search" TEXT, "outcome" TEXT, "outcome_linked_to_object_of_search" TEXT, "removal_of_more_than_just_outer_clothing" TEXT, "data_month" TEXT);, parameters: None
[2025-10-29T15:47:10.087+0000] {base.py:84} INFO - Using connection ID 'project_db' for task execution.
[2025-10-29T15:47:10.097+0000] {sql.py:487} INFO - Running statement: DELETE FROM stop_search WHERE data_month = %s;, parameters: ('2025-08',)
[2025-10-29T15:47:10.099+0000] {sql.py:496} INFO - Rows affected: 0
[2025-10-29T15:47:10.158+0000] {logging_mixin.py:188} INFO - Loading crimes: 7410 rows
[2025-10-29T15:47:10.159+0000] {base.py:84} INFO - Using connection ID 'project_db' for task execution.
[2025-10-29T15:47:10.169+0000] {sql.py:487} INFO - Running statement: CREATE TABLE IF NOT EXISTS crimes ("crime_id" TEXT, "month" TEXT, "reported_by" TEXT, "falls_within" TEXT, "longitude" TEXT, "latitude" TEXT, "location" TEXT, "lsoa_code" TEXT, "lsoa_name" TEXT, "crime_type" TEXT, "last_outcome_category" TEXT, "context" TEXT, "data_month" TEXT);, parameters: None
[2025-10-29T15:47:10.171+0000] {base.py:84} INFO - Using connection ID 'project_db' for task execution.
[2025-10-29T15:47:10.181+0000] {sql.py:487} INFO - Running statement: DELETE FROM crimes WHERE data_month = %s;, parameters: ('2025-08',)
[2025-10-29T15:47:10.192+0000] {sql.py:496} INFO - Rows affected: 6938
[2025-10-29T15:47:10.593+0000] {logging_mixin.py:188} INFO - Loading stop_search: 277 rows
[2025-10-29T15:47:10.594+0000] {base.py:84} INFO - Using connection ID 'project_db' for task execution.
[2025-10-29T15:47:10.604+0000] {sql.py:487} INFO - Running statement: CREATE TABLE IF NOT EXISTS stop_search ("type" TEXT, "date" TEXT, "part_of_a_policing_operation" TEXT, "policing_operation" TEXT, "latitude" TEXT, "longitude" TEXT, "gender" TEXT, "age_range" TEXT, "self_defined_ethnicity" TEXT, "officer_defined_ethnicity" TEXT, "legislation" TEXT, "object_of_search" TEXT, "outcome" TEXT, "outcome_linked_to_object_of_search" TEXT, "removal_of_more_than_just_outer_clothing" TEXT, "data_month" TEXT);, parameters: None
[2025-10-29T15:47:10.606+0000] {base.py:84} INFO - Using connection ID 'project_db' for task execution.
[2025-10-29T15:47:10.615+0000] {sql.py:487} INFO - Running statement: DELETE FROM stop_search WHERE data_month = %s;, parameters: ('2025-08',)
[2025-10-29T15:47:10.617+0000] {sql.py:496} INFO - Rows affected: 234
[2025-10-29T15:47:10.670+0000] {logging_mixin.py:188} INFO - Loading crimes: 7293 rows
[2025-10-29T15:47:10.671+0000] {base.py:84} INFO - Using connection ID 'project_db' for task execution.
[2025-10-29T15:47:10.681+0000] {sql.py:487} INFO - Running statement: CREATE TABLE IF NOT EXISTS crimes ("crime_id" TEXT, "month" TEXT, "reported_by" TEXT, "falls_within" TEXT, "longitude" TEXT, "latitude" TEXT, "location" TEXT, "lsoa_code" TEXT, "lsoa_name" TEXT, "crime_type" TEXT, "last_outcome_category" TEXT, "context" TEXT, "data_month" TEXT);, parameters: None
[2025-10-29T15:47:10.683+0000] {base.py:84} INFO - Using connection ID 'project_db' for task execution.
[2025-10-29T15:47:10.693+0000] {sql.py:487} INFO - Running statement: DELETE FROM crimes WHERE data_month = %s;, parameters: ('2025-08',)
[2025-10-29T15:47:10.701+0000] {sql.py:496} INFO - Rows affected: 7410
[2025-10-29T15:47:11.086+0000] {logging_mixin.py:188} INFO - Loading stop_search: 290 rows
[2025-10-29T15:47:11.087+0000] {base.py:84} INFO - Using connection ID 'project_db' for task execution.
[2025-10-29T15:47:11.097+0000] {sql.py:487} INFO - Running statement: CREATE TABLE IF NOT EXISTS stop_search ("type" TEXT, "date" TEXT, "part_of_a_policing_operation" TEXT, "policing_operation" TEXT, "latitude" TEXT, "longitude" TEXT, "gender" TEXT, "age_range" TEXT, "self_defined_ethnicity" TEXT, "officer_defined_ethnicity" TEXT, "legislation" TEXT, "object_of_search" TEXT, "outcome" TEXT, "outcome_linked_to_object_of_search" TEXT, "removal_of_more_than_just_outer_clothing" TEXT, "data_month" TEXT);, parameters: None
[2025-10-29T15:47:11.100+0000] {base.py:84} INFO - Using connection ID 'project_db' for task execution.
[2025-10-29T15:47:11.110+0000] {sql.py:487} INFO - Running statement: DELETE FROM stop_search WHERE data_month = %s;, parameters: ('2025-08',)
[2025-10-29T15:47:11.113+0000] {sql.py:496} INFO - Rows affected: 277
[2025-10-29T15:47:11.163+0000] {logging_mixin.py:188} INFO - Loading crimes: 6120 rows
[2025-10-29T15:47:11.164+0000] {base.py:84} INFO - Using connection ID 'project_db' for task execution.
[2025-10-29T15:47:11.174+0000] {sql.py:487} INFO - Running statement: CREATE TABLE IF NOT EXISTS crimes ("crime_id" TEXT, "month" TEXT, "reported_by" TEXT, "falls_within" TEXT, "longitude" TEXT, "latitude" TEXT, "location" TEXT, "lsoa_code" TEXT, "lsoa_name" TEXT, "crime_type" TEXT, "last_outcome_category" TEXT, "context" TEXT, "data_month" TEXT);, parameters: None
[2025-10-29T15:47:11.177+0000] {base.py:84} INFO - Using connection ID 'project_db' for task execution.
[2025-10-29T15:47:11.186+0000] {sql.py:487} INFO - Running statement: DELETE FROM crimes WHERE data_month = %s;, parameters: ('2025-08',)
[2025-10-29T15:47:11.194+0000] {sql.py:496} INFO - Rows affected: 7293
[2025-10-29T15:47:11.499+0000] {logging_mixin.py:188} INFO - Loading stop_search: 184 rows
[2025-10-29T15:47:11.500+0000] {base.py:84} INFO - Using connection ID 'project_db' for task execution.
[2025-10-29T15:47:11.509+0000] {sql.py:487} INFO - Running statement: CREATE TABLE IF NOT EXISTS stop_search ("type" TEXT, "date" TEXT, "part_of_a_policing_operation" TEXT, "policing_operation" TEXT, "latitude" TEXT, "longitude" TEXT, "gender" TEXT, "age_range" TEXT, "self_defined_ethnicity" TEXT, "officer_defined_ethnicity" TEXT, "legislation" TEXT, "object_of_search" TEXT, "outcome" TEXT, "outcome_linked_to_object_of_search" TEXT, "removal_of_more_than_just_outer_clothing" TEXT, "data_month" TEXT);, parameters: None
[2025-10-29T15:47:11.512+0000] {base.py:84} INFO - Using connection ID 'project_db' for task execution.
[2025-10-29T15:47:11.522+0000] {sql.py:487} INFO - Running statement: DELETE FROM stop_search WHERE data_month = %s;, parameters: ('2025-08',)
[2025-10-29T15:47:11.524+0000] {sql.py:496} INFO - Rows affected: 290
[2025-10-29T15:47:11.572+0000] {logging_mixin.py:188} INFO - Loading crimes: 6930 rows
[2025-10-29T15:47:11.574+0000] {base.py:84} INFO - Using connection ID 'project_db' for task execution.
[2025-10-29T15:47:11.583+0000] {sql.py:487} INFO - Running statement: CREATE TABLE IF NOT EXISTS crimes ("crime_id" TEXT, "month" TEXT, "reported_by" TEXT, "falls_within" TEXT, "longitude" TEXT, "latitude" TEXT, "location" TEXT, "lsoa_code" TEXT, "lsoa_name" TEXT, "crime_type" TEXT, "last_outcome_category" TEXT, "context" TEXT, "data_month" TEXT);, parameters: None
[2025-10-29T15:47:11.585+0000] {base.py:84} INFO - Using connection ID 'project_db' for task execution.
[2025-10-29T15:47:11.600+0000] {sql.py:487} INFO - Running statement: DELETE FROM crimes WHERE data_month = %s;, parameters: ('2025-08',)
[2025-10-29T15:47:11.608+0000] {sql.py:496} INFO - Rows affected: 6120
[2025-10-29T15:47:11.960+0000] {logging_mixin.py:188} INFO - Loading stop_search: 209 rows
[2025-10-29T15:47:11.961+0000] {base.py:84} INFO - Using connection ID 'project_db' for task execution.
[2025-10-29T15:47:11.971+0000] {sql.py:487} INFO - Running statement: CREATE TABLE IF NOT EXISTS stop_search ("type" TEXT, "date" TEXT, "part_of_a_policing_operation" TEXT, "policing_operation" TEXT, "latitude" TEXT, "longitude" TEXT, "gender" TEXT, "age_range" TEXT, "self_defined_ethnicity" TEXT, "officer_defined_ethnicity" TEXT, "legislation" TEXT, "object_of_search" TEXT, "outcome" TEXT, "outcome_linked_to_object_of_search" TEXT, "removal_of_more_than_just_outer_clothing" TEXT, "data_month" TEXT);, parameters: None
[2025-10-29T15:47:11.973+0000] {base.py:84} INFO - Using connection ID 'project_db' for task execution.
[2025-10-29T15:47:11.984+0000] {sql.py:487} INFO - Running statement: DELETE FROM stop_search WHERE data_month = %s;, parameters: ('2025-08',)
[2025-10-29T15:47:11.986+0000] {sql.py:496} INFO - Rows affected: 184
[2025-10-29T15:47:12.036+0000] {logging_mixin.py:188} INFO - Loading crimes: 6683 rows
[2025-10-29T15:47:12.037+0000] {base.py:84} INFO - Using connection ID 'project_db' for task execution.
[2025-10-29T15:47:12.048+0000] {sql.py:487} INFO - Running statement: CREATE TABLE IF NOT EXISTS crimes ("crime_id" TEXT, "month" TEXT, "reported_by" TEXT, "falls_within" TEXT, "longitude" TEXT, "latitude" TEXT, "location" TEXT, "lsoa_code" TEXT, "lsoa_name" TEXT, "crime_type" TEXT, "last_outcome_category" TEXT, "context" TEXT, "data_month" TEXT);, parameters: None
[2025-10-29T15:47:12.051+0000] {base.py:84} INFO - Using connection ID 'project_db' for task execution.
[2025-10-29T15:47:12.060+0000] {sql.py:487} INFO - Running statement: DELETE FROM crimes WHERE data_month = %s;, parameters: ('2025-08',)
[2025-10-29T15:47:12.069+0000] {sql.py:496} INFO - Rows affected: 6930
[2025-10-29T15:47:12.398+0000] {logging_mixin.py:188} INFO - Loading stop_search: 206 rows
[2025-10-29T15:47:12.399+0000] {base.py:84} INFO - Using connection ID 'project_db' for task execution.
[2025-10-29T15:47:12.411+0000] {sql.py:487} INFO - Running statement: CREATE TABLE IF NOT EXISTS stop_search ("type" TEXT, "date" TEXT, "part_of_a_policing_operation" TEXT, "policing_operation" TEXT, "latitude" TEXT, "longitude" TEXT, "gender" TEXT, "age_range" TEXT, "self_defined_ethnicity" TEXT, "officer_defined_ethnicity" TEXT, "legislation" TEXT, "object_of_search" TEXT, "outcome" TEXT, "outcome_linked_to_object_of_search" TEXT, "removal_of_more_than_just_outer_clothing" TEXT, "data_month" TEXT);, parameters: None
[2025-10-29T15:47:12.413+0000] {base.py:84} INFO - Using connection ID 'project_db' for task execution.
[2025-10-29T15:47:12.423+0000] {sql.py:487} INFO - Running statement: DELETE FROM stop_search WHERE data_month = %s;, parameters: ('2025-08',)
[2025-10-29T15:47:12.425+0000] {sql.py:496} INFO - Rows affected: 209
[2025-10-29T15:47:12.603+0000] {logging_mixin.py:188} INFO - Loading crimes: 7153 rows
[2025-10-29T15:47:12.604+0000] {base.py:84} INFO - Using connection ID 'project_db' for task execution.
[2025-10-29T15:47:12.614+0000] {sql.py:487} INFO - Running statement: CREATE TABLE IF NOT EXISTS crimes ("crime_id" TEXT, "month" TEXT, "reported_by" TEXT, "falls_within" TEXT, "longitude" TEXT, "latitude" TEXT, "location" TEXT, "lsoa_code" TEXT, "lsoa_name" TEXT, "crime_type" TEXT, "last_outcome_category" TEXT, "context" TEXT, "data_month" TEXT);, parameters: None
[2025-10-29T15:47:12.616+0000] {base.py:84} INFO - Using connection ID 'project_db' for task execution.
[2025-10-29T15:47:12.625+0000] {sql.py:487} INFO - Running statement: DELETE FROM crimes WHERE data_month = %s;, parameters: ('2025-08',)
[2025-10-29T15:47:12.634+0000] {sql.py:496} INFO - Rows affected: 6683
[2025-10-29T15:47:12.984+0000] {logging_mixin.py:188} INFO - Loading stop_search: 173 rows
[2025-10-29T15:47:12.985+0000] {base.py:84} INFO - Using connection ID 'project_db' for task execution.
[2025-10-29T15:47:12.995+0000] {sql.py:487} INFO - Running statement: CREATE TABLE IF NOT EXISTS stop_search ("type" TEXT, "date" TEXT, "part_of_a_policing_operation" TEXT, "policing_operation" TEXT, "latitude" TEXT, "longitude" TEXT, "gender" TEXT, "age_range" TEXT, "self_defined_ethnicity" TEXT, "officer_defined_ethnicity" TEXT, "legislation" TEXT, "object_of_search" TEXT, "outcome" TEXT, "outcome_linked_to_object_of_search" TEXT, "removal_of_more_than_just_outer_clothing" TEXT, "data_month" TEXT);, parameters: None
[2025-10-29T15:47:12.997+0000] {base.py:84} INFO - Using connection ID 'project_db' for task execution.
[2025-10-29T15:47:13.007+0000] {sql.py:487} INFO - Running statement: DELETE FROM stop_search WHERE data_month = %s;, parameters: ('2025-08',)
[2025-10-29T15:47:13.009+0000] {sql.py:496} INFO - Rows affected: 206
[2025-10-29T15:47:13.058+0000] {logging_mixin.py:188} INFO - Loading crimes: 7083 rows
[2025-10-29T15:47:13.059+0000] {base.py:84} INFO - Using connection ID 'project_db' for task execution.
[2025-10-29T15:47:13.069+0000] {sql.py:487} INFO - Running statement: CREATE TABLE IF NOT EXISTS crimes ("crime_id" TEXT, "month" TEXT, "reported_by" TEXT, "falls_within" TEXT, "longitude" TEXT, "latitude" TEXT, "location" TEXT, "lsoa_code" TEXT, "lsoa_name" TEXT, "crime_type" TEXT, "last_outcome_category" TEXT, "context" TEXT, "data_month" TEXT);, parameters: None
[2025-10-29T15:47:13.071+0000] {base.py:84} INFO - Using connection ID 'project_db' for task execution.
[2025-10-29T15:47:13.081+0000] {sql.py:487} INFO - Running statement: DELETE FROM crimes WHERE data_month = %s;, parameters: ('2025-08',)
[2025-10-29T15:47:13.090+0000] {sql.py:496} INFO - Rows affected: 7153
[2025-10-29T15:47:13.458+0000] {logging_mixin.py:188} INFO - Loading stop_search: 218 rows
[2025-10-29T15:47:13.459+0000] {base.py:84} INFO - Using connection ID 'project_db' for task execution.
[2025-10-29T15:47:13.469+0000] {sql.py:487} INFO - Running statement: CREATE TABLE IF NOT EXISTS stop_search ("type" TEXT, "date" TEXT, "part_of_a_policing_operation" TEXT, "policing_operation" TEXT, "latitude" TEXT, "longitude" TEXT, "gender" TEXT, "age_range" TEXT, "self_defined_ethnicity" TEXT, "officer_defined_ethnicity" TEXT, "legislation" TEXT, "object_of_search" TEXT, "outcome" TEXT, "outcome_linked_to_object_of_search" TEXT, "removal_of_more_than_just_outer_clothing" TEXT, "data_month" TEXT);, parameters: None
[2025-10-29T15:47:13.471+0000] {base.py:84} INFO - Using connection ID 'project_db' for task execution.
[2025-10-29T15:47:13.482+0000] {sql.py:487} INFO - Running statement: DELETE FROM stop_search WHERE data_month = %s;, parameters: ('2025-08',)
[2025-10-29T15:47:13.485+0000] {sql.py:496} INFO - Rows affected: 173
[2025-10-29T15:47:13.537+0000] {logging_mixin.py:188} INFO - Loading crimes: 7211 rows
[2025-10-29T15:47:13.538+0000] {base.py:84} INFO - Using connection ID 'project_db' for task execution.
[2025-10-29T15:47:13.548+0000] {sql.py:487} INFO - Running statement: CREATE TABLE IF NOT EXISTS crimes ("crime_id" TEXT, "month" TEXT, "reported_by" TEXT, "falls_within" TEXT, "longitude" TEXT, "latitude" TEXT, "location" TEXT, "lsoa_code" TEXT, "lsoa_name" TEXT, "crime_type" TEXT, "last_outcome_category" TEXT, "context" TEXT, "data_month" TEXT);, parameters: None
[2025-10-29T15:47:13.550+0000] {base.py:84} INFO - Using connection ID 'project_db' for task execution.
[2025-10-29T15:47:13.561+0000] {sql.py:487} INFO - Running statement: DELETE FROM crimes WHERE data_month = %s;, parameters: ('2025-08',)
[2025-10-29T15:47:13.570+0000] {sql.py:496} INFO - Rows affected: 7083
[2025-10-29T15:47:13.969+0000] {logging_mixin.py:188} INFO - Loading stop_search: 210 rows
[2025-10-29T15:47:13.970+0000] {base.py:84} INFO - Using connection ID 'project_db' for task execution.
[2025-10-29T15:47:13.979+0000] {sql.py:487} INFO - Running statement: CREATE TABLE IF NOT EXISTS stop_search ("type" TEXT, "date" TEXT, "part_of_a_policing_operation" TEXT, "policing_operation" TEXT, "latitude" TEXT, "longitude" TEXT, "gender" TEXT, "age_range" TEXT, "self_defined_ethnicity" TEXT, "officer_defined_ethnicity" TEXT, "legislation" TEXT, "object_of_search" TEXT, "outcome" TEXT, "outcome_linked_to_object_of_search" TEXT, "removal_of_more_than_just_outer_clothing" TEXT, "data_month" TEXT);, parameters: None
[2025-10-29T15:47:13.982+0000] {base.py:84} INFO - Using connection ID 'project_db' for task execution.
[2025-10-29T15:47:13.993+0000] {sql.py:487} INFO - Running statement: DELETE FROM stop_search WHERE data_month = %s;, parameters: ('2025-08',)
[2025-10-29T15:47:13.995+0000] {sql.py:496} INFO - Rows affected: 218
[2025-10-29T15:47:14.051+0000] {logging_mixin.py:188} INFO - Loading crimes: 7491 rows
[2025-10-29T15:47:14.052+0000] {base.py:84} INFO - Using connection ID 'project_db' for task execution.
[2025-10-29T15:47:14.062+0000] {sql.py:487} INFO - Running statement: CREATE TABLE IF NOT EXISTS crimes ("crime_id" TEXT, "month" TEXT, "reported_by" TEXT, "falls_within" TEXT, "longitude" TEXT, "latitude" TEXT, "location" TEXT, "lsoa_code" TEXT, "lsoa_name" TEXT, "crime_type" TEXT, "last_outcome_category" TEXT, "context" TEXT, "data_month" TEXT);, parameters: None
[2025-10-29T15:47:14.064+0000] {base.py:84} INFO - Using connection ID 'project_db' for task execution.
[2025-10-29T15:47:14.073+0000] {sql.py:487} INFO - Running statement: DELETE FROM crimes WHERE data_month = %s;, parameters: ('2025-08',)
[2025-10-29T15:47:14.083+0000] {sql.py:496} INFO - Rows affected: 7211
[2025-10-29T15:47:14.475+0000] {logging_mixin.py:188} INFO - Loading stop_search: 232 rows
[2025-10-29T15:47:14.476+0000] {base.py:84} INFO - Using connection ID 'project_db' for task execution.
[2025-10-29T15:47:14.487+0000] {sql.py:487} INFO - Running statement: CREATE TABLE IF NOT EXISTS stop_search ("type" TEXT, "date" TEXT, "part_of_a_policing_operation" TEXT, "policing_operation" TEXT, "latitude" TEXT, "longitude" TEXT, "gender" TEXT, "age_range" TEXT, "self_defined_ethnicity" TEXT, "officer_defined_ethnicity" TEXT, "legislation" TEXT, "object_of_search" TEXT, "outcome" TEXT, "outcome_linked_to_object_of_search" TEXT, "removal_of_more_than_just_outer_clothing" TEXT, "data_month" TEXT);, parameters: None
[2025-10-29T15:47:14.489+0000] {base.py:84} INFO - Using connection ID 'project_db' for task execution.
[2025-10-29T15:47:14.500+0000] {sql.py:487} INFO - Running statement: DELETE FROM stop_search WHERE data_month = %s;, parameters: ('2025-08',)
[2025-10-29T15:47:14.503+0000] {sql.py:496} INFO - Rows affected: 210
[2025-10-29T15:47:14.562+0000] {logging_mixin.py:188} INFO - Loading crimes: 7338 rows
[2025-10-29T15:47:14.564+0000] {base.py:84} INFO - Using connection ID 'project_db' for task execution.
[2025-10-29T15:47:14.574+0000] {sql.py:487} INFO - Running statement: CREATE TABLE IF NOT EXISTS crimes ("crime_id" TEXT, "month" TEXT, "reported_by" TEXT, "falls_within" TEXT, "longitude" TEXT, "latitude" TEXT, "location" TEXT, "lsoa_code" TEXT, "lsoa_name" TEXT, "crime_type" TEXT, "last_outcome_category" TEXT, "context" TEXT, "data_month" TEXT);, parameters: None
[2025-10-29T15:47:14.576+0000] {base.py:84} INFO - Using connection ID 'project_db' for task execution.
[2025-10-29T15:47:14.589+0000] {sql.py:487} INFO - Running statement: DELETE FROM crimes WHERE data_month = %s;, parameters: ('2025-08',)
[2025-10-29T15:47:14.601+0000] {sql.py:496} INFO - Rows affected: 7491
[2025-10-29T15:47:15.097+0000] {logging_mixin.py:188} INFO - Loading stop_search: 244 rows
[2025-10-29T15:47:15.099+0000] {base.py:84} INFO - Using connection ID 'project_db' for task execution.
[2025-10-29T15:47:15.114+0000] {sql.py:487} INFO - Running statement: CREATE TABLE IF NOT EXISTS stop_search ("type" TEXT, "date" TEXT, "part_of_a_policing_operation" TEXT, "policing_operation" TEXT, "latitude" TEXT, "longitude" TEXT, "gender" TEXT, "age_range" TEXT, "self_defined_ethnicity" TEXT, "officer_defined_ethnicity" TEXT, "legislation" TEXT, "object_of_search" TEXT, "outcome" TEXT, "outcome_linked_to_object_of_search" TEXT, "removal_of_more_than_just_outer_clothing" TEXT, "data_month" TEXT);, parameters: None
[2025-10-29T15:47:15.116+0000] {base.py:84} INFO - Using connection ID 'project_db' for task execution.
[2025-10-29T15:47:15.126+0000] {sql.py:487} INFO - Running statement: DELETE FROM stop_search WHERE data_month = %s;, parameters: ('2025-08',)
[2025-10-29T15:47:15.128+0000] {sql.py:496} INFO - Rows affected: 232
[2025-10-29T15:47:15.227+0000] {logging_mixin.py:188} INFO - Loading crimes: 7310 rows
[2025-10-29T15:47:15.228+0000] {base.py:84} INFO - Using connection ID 'project_db' for task execution.
[2025-10-29T15:47:15.240+0000] {sql.py:487} INFO - Running statement: CREATE TABLE IF NOT EXISTS crimes ("crime_id" TEXT, "month" TEXT, "reported_by" TEXT, "falls_within" TEXT, "longitude" TEXT, "latitude" TEXT, "location" TEXT, "lsoa_code" TEXT, "lsoa_name" TEXT, "crime_type" TEXT, "last_outcome_category" TEXT, "context" TEXT, "data_month" TEXT);, parameters: None
[2025-10-29T15:47:15.242+0000] {base.py:84} INFO - Using connection ID 'project_db' for task execution.
[2025-10-29T15:47:15.254+0000] {sql.py:487} INFO - Running statement: DELETE FROM crimes WHERE data_month = %s;, parameters: ('2025-08',)
[2025-10-29T15:47:15.264+0000] {sql.py:496} INFO - Rows affected: 7338
[2025-10-29T15:47:15.710+0000] {logging_mixin.py:188} INFO - Loading stop_search: 256 rows
[2025-10-29T15:47:15.711+0000] {base.py:84} INFO - Using connection ID 'project_db' for task execution.
[2025-10-29T15:47:15.721+0000] {sql.py:487} INFO - Running statement: CREATE TABLE IF NOT EXISTS stop_search ("type" TEXT, "date" TEXT, "part_of_a_policing_operation" TEXT, "policing_operation" TEXT, "latitude" TEXT, "longitude" TEXT, "gender" TEXT, "age_range" TEXT, "self_defined_ethnicity" TEXT, "officer_defined_ethnicity" TEXT, "legislation" TEXT, "object_of_search" TEXT, "outcome" TEXT, "outcome_linked_to_object_of_search" TEXT, "removal_of_more_than_just_outer_clothing" TEXT, "data_month" TEXT);, parameters: None
[2025-10-29T15:47:15.722+0000] {base.py:84} INFO - Using connection ID 'project_db' for task execution.
[2025-10-29T15:47:15.732+0000] {sql.py:487} INFO - Running statement: DELETE FROM stop_search WHERE data_month = %s;, parameters: ('2025-08',)
[2025-10-29T15:47:15.734+0000] {sql.py:496} INFO - Rows affected: 244
[2025-10-29T15:47:15.783+0000] {logging_mixin.py:188} INFO - Loading crimes: 6991 rows
[2025-10-29T15:47:15.784+0000] {base.py:84} INFO - Using connection ID 'project_db' for task execution.
[2025-10-29T15:47:15.794+0000] {sql.py:487} INFO - Running statement: CREATE TABLE IF NOT EXISTS crimes ("crime_id" TEXT, "month" TEXT, "reported_by" TEXT, "falls_within" TEXT, "longitude" TEXT, "latitude" TEXT, "location" TEXT, "lsoa_code" TEXT, "lsoa_name" TEXT, "crime_type" TEXT, "last_outcome_category" TEXT, "context" TEXT, "data_month" TEXT);, parameters: None
[2025-10-29T15:47:15.796+0000] {base.py:84} INFO - Using connection ID 'project_db' for task execution.
[2025-10-29T15:47:15.806+0000] {sql.py:487} INFO - Running statement: DELETE FROM crimes WHERE data_month = %s;, parameters: ('2025-08',)
[2025-10-29T15:47:15.820+0000] {sql.py:496} INFO - Rows affected: 7310
[2025-10-29T15:47:16.288+0000] {logging_mixin.py:188} INFO - Loading stop_search: 228 rows
[2025-10-29T15:47:16.290+0000] {base.py:84} INFO - Using connection ID 'project_db' for task execution.
[2025-10-29T15:47:16.306+0000] {sql.py:487} INFO - Running statement: CREATE TABLE IF NOT EXISTS stop_search ("type" TEXT, "date" TEXT, "part_of_a_policing_operation" TEXT, "policing_operation" TEXT, "latitude" TEXT, "longitude" TEXT, "gender" TEXT, "age_range" TEXT, "self_defined_ethnicity" TEXT, "officer_defined_ethnicity" TEXT, "legislation" TEXT, "object_of_search" TEXT, "outcome" TEXT, "outcome_linked_to_object_of_search" TEXT, "removal_of_more_than_just_outer_clothing" TEXT, "data_month" TEXT);, parameters: None
[2025-10-29T15:47:16.329+0000] {base.py:84} INFO - Using connection ID 'project_db' for task execution.
[2025-10-29T15:47:16.346+0000] {sql.py:487} INFO - Running statement: DELETE FROM stop_search WHERE data_month = %s;, parameters: ('2025-08',)
[2025-10-29T15:47:16.349+0000] {sql.py:496} INFO - Rows affected: 256
[2025-10-29T15:47:16.405+0000] {logging_mixin.py:188} INFO - Loading crimes: 7033 rows
[2025-10-29T15:47:16.406+0000] {base.py:84} INFO - Using connection ID 'project_db' for task execution.
[2025-10-29T15:47:16.417+0000] {sql.py:487} INFO - Running statement: CREATE TABLE IF NOT EXISTS crimes ("crime_id" TEXT, "month" TEXT, "reported_by" TEXT, "falls_within" TEXT, "longitude" TEXT, "latitude" TEXT, "location" TEXT, "lsoa_code" TEXT, "lsoa_name" TEXT, "crime_type" TEXT, "last_outcome_category" TEXT, "context" TEXT, "data_month" TEXT);, parameters: None
[2025-10-29T15:47:16.420+0000] {base.py:84} INFO - Using connection ID 'project_db' for task execution.
[2025-10-29T15:47:16.430+0000] {sql.py:487} INFO - Running statement: DELETE FROM crimes WHERE data_month = %s;, parameters: ('2025-08',)
[2025-10-29T15:47:16.442+0000] {sql.py:496} INFO - Rows affected: 6991
[2025-10-29T15:47:16.871+0000] {logging_mixin.py:188} INFO - Loading stop_search: 243 rows
[2025-10-29T15:47:16.872+0000] {base.py:84} INFO - Using connection ID 'project_db' for task execution.
[2025-10-29T15:47:16.884+0000] {sql.py:487} INFO - Running statement: CREATE TABLE IF NOT EXISTS stop_search ("type" TEXT, "date" TEXT, "part_of_a_policing_operation" TEXT, "policing_operation" TEXT, "latitude" TEXT, "longitude" TEXT, "gender" TEXT, "age_range" TEXT, "self_defined_ethnicity" TEXT, "officer_defined_ethnicity" TEXT, "legislation" TEXT, "object_of_search" TEXT, "outcome" TEXT, "outcome_linked_to_object_of_search" TEXT, "removal_of_more_than_just_outer_clothing" TEXT, "data_month" TEXT);, parameters: None
[2025-10-29T15:47:16.888+0000] {base.py:84} INFO - Using connection ID 'project_db' for task execution.
[2025-10-29T15:47:16.900+0000] {sql.py:487} INFO - Running statement: DELETE FROM stop_search WHERE data_month = %s;, parameters: ('2025-08',)
[2025-10-29T15:47:16.904+0000] {sql.py:496} INFO - Rows affected: 228
[2025-10-29T15:47:16.961+0000] {logging_mixin.py:188} INFO - Loading crimes: 6415 rows
[2025-10-29T15:47:16.963+0000] {base.py:84} INFO - Using connection ID 'project_db' for task execution.
[2025-10-29T15:47:16.975+0000] {sql.py:487} INFO - Running statement: CREATE TABLE IF NOT EXISTS crimes ("crime_id" TEXT, "month" TEXT, "reported_by" TEXT, "falls_within" TEXT, "longitude" TEXT, "latitude" TEXT, "location" TEXT, "lsoa_code" TEXT, "lsoa_name" TEXT, "crime_type" TEXT, "last_outcome_category" TEXT, "context" TEXT, "data_month" TEXT);, parameters: None
[2025-10-29T15:47:16.978+0000] {base.py:84} INFO - Using connection ID 'project_db' for task execution.
[2025-10-29T15:47:16.992+0000] {sql.py:487} INFO - Running statement: DELETE FROM crimes WHERE data_month = %s;, parameters: ('2025-08',)
[2025-10-29T15:47:17.007+0000] {sql.py:496} INFO - Rows affected: 7033
[2025-10-29T15:47:17.425+0000] {logging_mixin.py:188} INFO - Loading stop_search: 223 rows
[2025-10-29T15:47:17.426+0000] {base.py:84} INFO - Using connection ID 'project_db' for task execution.
[2025-10-29T15:47:17.440+0000] {sql.py:487} INFO - Running statement: CREATE TABLE IF NOT EXISTS stop_search ("type" TEXT, "date" TEXT, "part_of_a_policing_operation" TEXT, "policing_operation" TEXT, "latitude" TEXT, "longitude" TEXT, "gender" TEXT, "age_range" TEXT, "self_defined_ethnicity" TEXT, "officer_defined_ethnicity" TEXT, "legislation" TEXT, "object_of_search" TEXT, "outcome" TEXT, "outcome_linked_to_object_of_search" TEXT, "removal_of_more_than_just_outer_clothing" TEXT, "data_month" TEXT);, parameters: None
[2025-10-29T15:47:17.443+0000] {base.py:84} INFO - Using connection ID 'project_db' for task execution.
[2025-10-29T15:47:17.457+0000] {sql.py:487} INFO - Running statement: DELETE FROM stop_search WHERE data_month = %s;, parameters: ('2025-08',)
[2025-10-29T15:47:17.459+0000] {sql.py:496} INFO - Rows affected: 243
[2025-10-29T15:47:17.591+0000] {logging_mixin.py:188} INFO - Loading crimes: 6189 rows
[2025-10-29T15:47:17.593+0000] {base.py:84} INFO - Using connection ID 'project_db' for task execution.
[2025-10-29T15:47:17.607+0000] {sql.py:487} INFO - Running statement: CREATE TABLE IF NOT EXISTS crimes ("crime_id" TEXT, "month" TEXT, "reported_by" TEXT, "falls_within" TEXT, "longitude" TEXT, "latitude" TEXT, "location" TEXT, "lsoa_code" TEXT, "lsoa_name" TEXT, "crime_type" TEXT, "last_outcome_category" TEXT, "context" TEXT, "data_month" TEXT);, parameters: None
[2025-10-29T15:47:17.610+0000] {base.py:84} INFO - Using connection ID 'project_db' for task execution.
[2025-10-29T15:47:17.623+0000] {sql.py:487} INFO - Running statement: DELETE FROM crimes WHERE data_month = %s;, parameters: ('2025-08',)
[2025-10-29T15:47:17.635+0000] {sql.py:496} INFO - Rows affected: 6415
[2025-10-29T15:47:18.152+0000] {logging_mixin.py:188} INFO - Loading stop_search: 205 rows
[2025-10-29T15:47:18.154+0000] {base.py:84} INFO - Using connection ID 'project_db' for task execution.
[2025-10-29T15:47:18.177+0000] {sql.py:487} INFO - Running statement: CREATE TABLE IF NOT EXISTS stop_search ("type" TEXT, "date" TEXT, "part_of_a_policing_operation" TEXT, "policing_operation" TEXT, "latitude" TEXT, "longitude" TEXT, "gender" TEXT, "age_range" TEXT, "self_defined_ethnicity" TEXT, "officer_defined_ethnicity" TEXT, "legislation" TEXT, "object_of_search" TEXT, "outcome" TEXT, "outcome_linked_to_object_of_search" TEXT, "removal_of_more_than_just_outer_clothing" TEXT, "data_month" TEXT);, parameters: None
[2025-10-29T15:47:18.181+0000] {base.py:84} INFO - Using connection ID 'project_db' for task execution.
[2025-10-29T15:47:18.198+0000] {sql.py:487} INFO - Running statement: DELETE FROM stop_search WHERE data_month = %s;, parameters: ('2025-08',)
[2025-10-29T15:47:18.202+0000] {sql.py:496} INFO - Rows affected: 223
[2025-10-29T15:47:18.259+0000] {logging_mixin.py:188} INFO - Loading crimes: 6116 rows
[2025-10-29T15:47:18.260+0000] {base.py:84} INFO - Using connection ID 'project_db' for task execution.
[2025-10-29T15:47:18.271+0000] {sql.py:487} INFO - Running statement: CREATE TABLE IF NOT EXISTS crimes ("crime_id" TEXT, "month" TEXT, "reported_by" TEXT, "falls_within" TEXT, "longitude" TEXT, "latitude" TEXT, "location" TEXT, "lsoa_code" TEXT, "lsoa_name" TEXT, "crime_type" TEXT, "last_outcome_category" TEXT, "context" TEXT, "data_month" TEXT);, parameters: None
[2025-10-29T15:47:18.273+0000] {base.py:84} INFO - Using connection ID 'project_db' for task execution.
[2025-10-29T15:47:18.284+0000] {sql.py:487} INFO - Running statement: DELETE FROM crimes WHERE data_month = %s;, parameters: ('2025-08',)
[2025-10-29T15:47:18.296+0000] {sql.py:496} INFO - Rows affected: 6189
[2025-10-29T15:47:18.632+0000] {logging_mixin.py:188} INFO - Loading stop_search: 206 rows
[2025-10-29T15:47:18.634+0000] {base.py:84} INFO - Using connection ID 'project_db' for task execution.
[2025-10-29T15:47:18.647+0000] {sql.py:487} INFO - Running statement: CREATE TABLE IF NOT EXISTS stop_search ("type" TEXT, "date" TEXT, "part_of_a_policing_operation" TEXT, "policing_operation" TEXT, "latitude" TEXT, "longitude" TEXT, "gender" TEXT, "age_range" TEXT, "self_defined_ethnicity" TEXT, "officer_defined_ethnicity" TEXT, "legislation" TEXT, "object_of_search" TEXT, "outcome" TEXT, "outcome_linked_to_object_of_search" TEXT, "removal_of_more_than_just_outer_clothing" TEXT, "data_month" TEXT);, parameters: None
[2025-10-29T15:47:18.651+0000] {base.py:84} INFO - Using connection ID 'project_db' for task execution.
[2025-10-29T15:47:18.663+0000] {sql.py:487} INFO - Running statement: DELETE FROM stop_search WHERE data_month = %s;, parameters: ('2025-08',)
[2025-10-29T15:47:18.665+0000] {sql.py:496} INFO - Rows affected: 205
[2025-10-29T15:47:18.713+0000] {logging_mixin.py:188} INFO - Loading crimes: 6499 rows
[2025-10-29T15:47:18.714+0000] {base.py:84} INFO - Using connection ID 'project_db' for task execution.
[2025-10-29T15:47:18.725+0000] {sql.py:487} INFO - Running statement: CREATE TABLE IF NOT EXISTS crimes ("crime_id" TEXT, "month" TEXT, "reported_by" TEXT, "falls_within" TEXT, "longitude" TEXT, "latitude" TEXT, "location" TEXT, "lsoa_code" TEXT, "lsoa_name" TEXT, "crime_type" TEXT, "last_outcome_category" TEXT, "context" TEXT, "data_month" TEXT);, parameters: None
[2025-10-29T15:47:18.727+0000] {base.py:84} INFO - Using connection ID 'project_db' for task execution.
[2025-10-29T15:47:18.737+0000] {sql.py:487} INFO - Running statement: DELETE FROM crimes WHERE data_month = %s;, parameters: ('2025-08',)
[2025-10-29T15:47:18.748+0000] {sql.py:496} INFO - Rows affected: 6116
[2025-10-29T15:47:19.108+0000] {logging_mixin.py:188} INFO - Loading stop_search: 228 rows
[2025-10-29T15:47:19.109+0000] {base.py:84} INFO - Using connection ID 'project_db' for task execution.
[2025-10-29T15:47:19.123+0000] {sql.py:487} INFO - Running statement: CREATE TABLE IF NOT EXISTS stop_search ("type" TEXT, "date" TEXT, "part_of_a_policing_operation" TEXT, "policing_operation" TEXT, "latitude" TEXT, "longitude" TEXT, "gender" TEXT, "age_range" TEXT, "self_defined_ethnicity" TEXT, "officer_defined_ethnicity" TEXT, "legislation" TEXT, "object_of_search" TEXT, "outcome" TEXT, "outcome_linked_to_object_of_search" TEXT, "removal_of_more_than_just_outer_clothing" TEXT, "data_month" TEXT);, parameters: None
[2025-10-29T15:47:19.125+0000] {base.py:84} INFO - Using connection ID 'project_db' for task execution.
[2025-10-29T15:47:19.136+0000] {sql.py:487} INFO - Running statement: DELETE FROM stop_search WHERE data_month = %s;, parameters: ('2025-08',)
[2025-10-29T15:47:19.138+0000] {sql.py:496} INFO - Rows affected: 206
[2025-10-29T15:47:19.192+0000] {logging_mixin.py:188} INFO - Loading crimes: 6993 rows
[2025-10-29T15:47:19.193+0000] {base.py:84} INFO - Using connection ID 'project_db' for task execution.
[2025-10-29T15:47:19.203+0000] {sql.py:487} INFO - Running statement: CREATE TABLE IF NOT EXISTS crimes ("crime_id" TEXT, "month" TEXT, "reported_by" TEXT, "falls_within" TEXT, "longitude" TEXT, "latitude" TEXT, "location" TEXT, "lsoa_code" TEXT, "lsoa_name" TEXT, "crime_type" TEXT, "last_outcome_category" TEXT, "context" TEXT, "data_month" TEXT);, parameters: None
[2025-10-29T15:47:19.206+0000] {base.py:84} INFO - Using connection ID 'project_db' for task execution.
[2025-10-29T15:47:19.216+0000] {sql.py:487} INFO - Running statement: DELETE FROM crimes WHERE data_month = %s;, parameters: ('2025-08',)
[2025-10-29T15:47:19.228+0000] {sql.py:496} INFO - Rows affected: 6499
[2025-10-29T15:47:19.608+0000] {logging_mixin.py:188} INFO - Loading stop_search: 283 rows
[2025-10-29T15:47:19.609+0000] {base.py:84} INFO - Using connection ID 'project_db' for task execution.
[2025-10-29T15:47:19.623+0000] {sql.py:487} INFO - Running statement: CREATE TABLE IF NOT EXISTS stop_search ("type" TEXT, "date" TEXT, "part_of_a_policing_operation" TEXT, "policing_operation" TEXT, "latitude" TEXT, "longitude" TEXT, "gender" TEXT, "age_range" TEXT, "self_defined_ethnicity" TEXT, "officer_defined_ethnicity" TEXT, "legislation" TEXT, "object_of_search" TEXT, "outcome" TEXT, "outcome_linked_to_object_of_search" TEXT, "removal_of_more_than_just_outer_clothing" TEXT, "data_month" TEXT);, parameters: None
[2025-10-29T15:47:19.626+0000] {base.py:84} INFO - Using connection ID 'project_db' for task execution.
[2025-10-29T15:47:19.640+0000] {sql.py:487} INFO - Running statement: DELETE FROM stop_search WHERE data_month = %s;, parameters: ('2025-08',)
[2025-10-29T15:47:19.642+0000] {sql.py:496} INFO - Rows affected: 228
[2025-10-29T15:47:19.714+0000] {logging_mixin.py:188} INFO - Loading crimes: 6913 rows
[2025-10-29T15:47:19.716+0000] {base.py:84} INFO - Using connection ID 'project_db' for task execution.
[2025-10-29T15:47:19.727+0000] {sql.py:487} INFO - Running statement: CREATE TABLE IF NOT EXISTS crimes ("crime_id" TEXT, "month" TEXT, "reported_by" TEXT, "falls_within" TEXT, "longitude" TEXT, "latitude" TEXT, "location" TEXT, "lsoa_code" TEXT, "lsoa_name" TEXT, "crime_type" TEXT, "last_outcome_category" TEXT, "context" TEXT, "data_month" TEXT);, parameters: None
[2025-10-29T15:47:19.729+0000] {base.py:84} INFO - Using connection ID 'project_db' for task execution.
[2025-10-29T15:47:19.740+0000] {sql.py:487} INFO - Running statement: DELETE FROM crimes WHERE data_month = %s;, parameters: ('2025-08',)
[2025-10-29T15:47:19.754+0000] {sql.py:496} INFO - Rows affected: 6993
[2025-10-29T15:47:20.121+0000] {logging_mixin.py:188} INFO - Loading stop_search: 197 rows
[2025-10-29T15:47:20.122+0000] {base.py:84} INFO - Using connection ID 'project_db' for task execution.
[2025-10-29T15:47:20.132+0000] {sql.py:487} INFO - Running statement: CREATE TABLE IF NOT EXISTS stop_search ("type" TEXT, "date" TEXT, "part_of_a_policing_operation" TEXT, "policing_operation" TEXT, "latitude" TEXT, "longitude" TEXT, "gender" TEXT, "age_range" TEXT, "self_defined_ethnicity" TEXT, "officer_defined_ethnicity" TEXT, "legislation" TEXT, "object_of_search" TEXT, "outcome" TEXT, "outcome_linked_to_object_of_search" TEXT, "removal_of_more_than_just_outer_clothing" TEXT, "data_month" TEXT);, parameters: None
[2025-10-29T15:47:20.135+0000] {base.py:84} INFO - Using connection ID 'project_db' for task execution.
[2025-10-29T15:47:20.145+0000] {sql.py:487} INFO - Running statement: DELETE FROM stop_search WHERE data_month = %s;, parameters: ('2025-08',)
[2025-10-29T15:47:20.148+0000] {sql.py:496} INFO - Rows affected: 283
[2025-10-29T15:47:20.206+0000] {logging_mixin.py:188} INFO - Loading crimes: 7580 rows
[2025-10-29T15:47:20.207+0000] {base.py:84} INFO - Using connection ID 'project_db' for task execution.
[2025-10-29T15:47:20.218+0000] {sql.py:487} INFO - Running statement: CREATE TABLE IF NOT EXISTS crimes ("crime_id" TEXT, "month" TEXT, "reported_by" TEXT, "falls_within" TEXT, "longitude" TEXT, "latitude" TEXT, "location" TEXT, "lsoa_code" TEXT, "lsoa_name" TEXT, "crime_type" TEXT, "last_outcome_category" TEXT, "context" TEXT, "data_month" TEXT);, parameters: None
[2025-10-29T15:47:20.221+0000] {base.py:84} INFO - Using connection ID 'project_db' for task execution.
[2025-10-29T15:47:20.239+0000] {sql.py:487} INFO - Running statement: DELETE FROM crimes WHERE data_month = %s;, parameters: ('2025-08',)
[2025-10-29T15:47:20.252+0000] {sql.py:496} INFO - Rows affected: 6913
[2025-10-29T15:47:20.774+0000] {logging_mixin.py:188} INFO - Loading stop_search: 239 rows
[2025-10-29T15:47:20.775+0000] {base.py:84} INFO - Using connection ID 'project_db' for task execution.
[2025-10-29T15:47:20.785+0000] {sql.py:487} INFO - Running statement: CREATE TABLE IF NOT EXISTS stop_search ("type" TEXT, "date" TEXT, "part_of_a_policing_operation" TEXT, "policing_operation" TEXT, "latitude" TEXT, "longitude" TEXT, "gender" TEXT, "age_range" TEXT, "self_defined_ethnicity" TEXT, "officer_defined_ethnicity" TEXT, "legislation" TEXT, "object_of_search" TEXT, "outcome" TEXT, "outcome_linked_to_object_of_search" TEXT, "removal_of_more_than_just_outer_clothing" TEXT, "data_month" TEXT);, parameters: None
[2025-10-29T15:47:20.788+0000] {base.py:84} INFO - Using connection ID 'project_db' for task execution.
[2025-10-29T15:47:20.799+0000] {sql.py:487} INFO - Running statement: DELETE FROM stop_search WHERE data_month = %s;, parameters: ('2025-08',)
[2025-10-29T15:47:20.801+0000] {sql.py:496} INFO - Rows affected: 197
[2025-10-29T15:47:20.858+0000] {logging_mixin.py:188} INFO - Loading crimes: 7290 rows
[2025-10-29T15:47:20.859+0000] {base.py:84} INFO - Using connection ID 'project_db' for task execution.
[2025-10-29T15:47:20.870+0000] {sql.py:487} INFO - Running statement: CREATE TABLE IF NOT EXISTS crimes ("crime_id" TEXT, "month" TEXT, "reported_by" TEXT, "falls_within" TEXT, "longitude" TEXT, "latitude" TEXT, "location" TEXT, "lsoa_code" TEXT, "lsoa_name" TEXT, "crime_type" TEXT, "last_outcome_category" TEXT, "context" TEXT, "data_month" TEXT);, parameters: None
[2025-10-29T15:47:20.872+0000] {base.py:84} INFO - Using connection ID 'project_db' for task execution.
[2025-10-29T15:47:20.882+0000] {sql.py:487} INFO - Running statement: DELETE FROM crimes WHERE data_month = %s;, parameters: ('2025-08',)
[2025-10-29T15:47:20.898+0000] {sql.py:496} INFO - Rows affected: 7580
[2025-10-29T15:47:21.313+0000] {logging_mixin.py:188} INFO - Loading stop_search: 236 rows
[2025-10-29T15:47:21.314+0000] {base.py:84} INFO - Using connection ID 'project_db' for task execution.
[2025-10-29T15:47:21.325+0000] {sql.py:487} INFO - Running statement: CREATE TABLE IF NOT EXISTS stop_search ("type" TEXT, "date" TEXT, "part_of_a_policing_operation" TEXT, "policing_operation" TEXT, "latitude" TEXT, "longitude" TEXT, "gender" TEXT, "age_range" TEXT, "self_defined_ethnicity" TEXT, "officer_defined_ethnicity" TEXT, "legislation" TEXT, "object_of_search" TEXT, "outcome" TEXT, "outcome_linked_to_object_of_search" TEXT, "removal_of_more_than_just_outer_clothing" TEXT, "data_month" TEXT);, parameters: None
[2025-10-29T15:47:21.328+0000] {base.py:84} INFO - Using connection ID 'project_db' for task execution.
[2025-10-29T15:47:21.340+0000] {sql.py:487} INFO - Running statement: DELETE FROM stop_search WHERE data_month = %s;, parameters: ('2025-08',)
[2025-10-29T15:47:21.342+0000] {sql.py:496} INFO - Rows affected: 239
[2025-10-29T15:47:21.396+0000] {logging_mixin.py:188} INFO - Loading crimes: 7866 rows
[2025-10-29T15:47:21.397+0000] {base.py:84} INFO - Using connection ID 'project_db' for task execution.
[2025-10-29T15:47:21.407+0000] {sql.py:487} INFO - Running statement: CREATE TABLE IF NOT EXISTS crimes ("crime_id" TEXT, "month" TEXT, "reported_by" TEXT, "falls_within" TEXT, "longitude" TEXT, "latitude" TEXT, "location" TEXT, "lsoa_code" TEXT, "lsoa_name" TEXT, "crime_type" TEXT, "last_outcome_category" TEXT, "context" TEXT, "data_month" TEXT);, parameters: None
[2025-10-29T15:47:21.409+0000] {base.py:84} INFO - Using connection ID 'project_db' for task execution.
[2025-10-29T15:47:21.419+0000] {sql.py:487} INFO - Running statement: DELETE FROM crimes WHERE data_month = %s;, parameters: ('2025-08',)
[2025-10-29T15:47:21.432+0000] {sql.py:496} INFO - Rows affected: 7290
[2025-10-29T15:47:21.867+0000] {logging_mixin.py:188} INFO - Loading stop_search: 288 rows
[2025-10-29T15:47:21.868+0000] {base.py:84} INFO - Using connection ID 'project_db' for task execution.
[2025-10-29T15:47:21.880+0000] {sql.py:487} INFO - Running statement: CREATE TABLE IF NOT EXISTS stop_search ("type" TEXT, "date" TEXT, "part_of_a_policing_operation" TEXT, "policing_operation" TEXT, "latitude" TEXT, "longitude" TEXT, "gender" TEXT, "age_range" TEXT, "self_defined_ethnicity" TEXT, "officer_defined_ethnicity" TEXT, "legislation" TEXT, "object_of_search" TEXT, "outcome" TEXT, "outcome_linked_to_object_of_search" TEXT, "removal_of_more_than_just_outer_clothing" TEXT, "data_month" TEXT);, parameters: None
[2025-10-29T15:47:21.883+0000] {base.py:84} INFO - Using connection ID 'project_db' for task execution.
[2025-10-29T15:47:21.893+0000] {sql.py:487} INFO - Running statement: DELETE FROM stop_search WHERE data_month = %s;, parameters: ('2025-08',)
[2025-10-29T15:47:21.896+0000] {sql.py:496} INFO - Rows affected: 236
[2025-10-29T15:47:21.955+0000] {logging_mixin.py:188} INFO - Loading crimes: 7613 rows
[2025-10-29T15:47:21.956+0000] {base.py:84} INFO - Using connection ID 'project_db' for task execution.
[2025-10-29T15:47:21.967+0000] {sql.py:487} INFO - Running statement: CREATE TABLE IF NOT EXISTS crimes ("crime_id" TEXT, "month" TEXT, "reported_by" TEXT, "falls_within" TEXT, "longitude" TEXT, "latitude" TEXT, "location" TEXT, "lsoa_code" TEXT, "lsoa_name" TEXT, "crime_type" TEXT, "last_outcome_category" TEXT, "context" TEXT, "data_month" TEXT);, parameters: None
[2025-10-29T15:47:21.969+0000] {base.py:84} INFO - Using connection ID 'project_db' for task execution.
[2025-10-29T15:47:21.980+0000] {sql.py:487} INFO - Running statement: DELETE FROM crimes WHERE data_month = %s;, parameters: ('2025-08',)
[2025-10-29T15:47:21.995+0000] {sql.py:496} INFO - Rows affected: 7866
[2025-10-29T15:47:22.381+0000] {logging_mixin.py:188} INFO - Loading stop_search: 223 rows
[2025-10-29T15:47:22.382+0000] {base.py:84} INFO - Using connection ID 'project_db' for task execution.
[2025-10-29T15:47:22.393+0000] {sql.py:487} INFO - Running statement: CREATE TABLE IF NOT EXISTS stop_search ("type" TEXT, "date" TEXT, "part_of_a_policing_operation" TEXT, "policing_operation" TEXT, "latitude" TEXT, "longitude" TEXT, "gender" TEXT, "age_range" TEXT, "self_defined_ethnicity" TEXT, "officer_defined_ethnicity" TEXT, "legislation" TEXT, "object_of_search" TEXT, "outcome" TEXT, "outcome_linked_to_object_of_search" TEXT, "removal_of_more_than_just_outer_clothing" TEXT, "data_month" TEXT);, parameters: None
[2025-10-29T15:47:22.395+0000] {base.py:84} INFO - Using connection ID 'project_db' for task execution.
[2025-10-29T15:47:22.406+0000] {sql.py:487} INFO - Running statement: DELETE FROM stop_search WHERE data_month = %s;, parameters: ('2025-08',)
[2025-10-29T15:47:22.409+0000] {sql.py:496} INFO - Rows affected: 288
[2025-10-29T15:47:22.467+0000] {logging_mixin.py:188} INFO - Loading crimes: 6740 rows
[2025-10-29T15:47:22.468+0000] {base.py:84} INFO - Using connection ID 'project_db' for task execution.
[2025-10-29T15:47:22.478+0000] {sql.py:487} INFO - Running statement: CREATE TABLE IF NOT EXISTS crimes ("crime_id" TEXT, "month" TEXT, "reported_by" TEXT, "falls_within" TEXT, "longitude" TEXT, "latitude" TEXT, "location" TEXT, "lsoa_code" TEXT, "lsoa_name" TEXT, "crime_type" TEXT, "last_outcome_category" TEXT, "context" TEXT, "data_month" TEXT);, parameters: None
[2025-10-29T15:47:22.481+0000] {base.py:84} INFO - Using connection ID 'project_db' for task execution.
[2025-10-29T15:47:22.492+0000] {sql.py:487} INFO - Running statement: DELETE FROM crimes WHERE data_month = %s;, parameters: ('2025-08',)
[2025-10-29T15:47:22.507+0000] {sql.py:496} INFO - Rows affected: 7613
[2025-10-29T15:47:22.898+0000] {logging_mixin.py:188} INFO - Loading stop_search: 234 rows
[2025-10-29T15:47:22.899+0000] {base.py:84} INFO - Using connection ID 'project_db' for task execution.
[2025-10-29T15:47:22.910+0000] {sql.py:487} INFO - Running statement: CREATE TABLE IF NOT EXISTS stop_search ("type" TEXT, "date" TEXT, "part_of_a_policing_operation" TEXT, "policing_operation" TEXT, "latitude" TEXT, "longitude" TEXT, "gender" TEXT, "age_range" TEXT, "self_defined_ethnicity" TEXT, "officer_defined_ethnicity" TEXT, "legislation" TEXT, "object_of_search" TEXT, "outcome" TEXT, "outcome_linked_to_object_of_search" TEXT, "removal_of_more_than_just_outer_clothing" TEXT, "data_month" TEXT);, parameters: None
[2025-10-29T15:47:22.913+0000] {base.py:84} INFO - Using connection ID 'project_db' for task execution.
[2025-10-29T15:47:22.923+0000] {sql.py:487} INFO - Running statement: DELETE FROM stop_search WHERE data_month = %s;, parameters: ('2025-08',)
[2025-10-29T15:47:22.927+0000] {sql.py:496} INFO - Rows affected: 223
[2025-10-29T15:47:22.979+0000] {logging_mixin.py:188} INFO - Loading crimes: 6970 rows
[2025-10-29T15:47:22.980+0000] {base.py:84} INFO - Using connection ID 'project_db' for task execution.
[2025-10-29T15:47:22.990+0000] {sql.py:487} INFO - Running statement: CREATE TABLE IF NOT EXISTS crimes ("crime_id" TEXT, "month" TEXT, "reported_by" TEXT, "falls_within" TEXT, "longitude" TEXT, "latitude" TEXT, "location" TEXT, "lsoa_code" TEXT, "lsoa_name" TEXT, "crime_type" TEXT, "last_outcome_category" TEXT, "context" TEXT, "data_month" TEXT);, parameters: None
[2025-10-29T15:47:22.993+0000] {base.py:84} INFO - Using connection ID 'project_db' for task execution.
[2025-10-29T15:47:23.003+0000] {sql.py:487} INFO - Running statement: DELETE FROM crimes WHERE data_month = %s;, parameters: ('2025-08',)
[2025-10-29T15:47:23.017+0000] {sql.py:496} INFO - Rows affected: 6740
[2025-10-29T15:47:23.374+0000] {logging_mixin.py:188} INFO - Loading stop_search: 296 rows
[2025-10-29T15:47:23.375+0000] {base.py:84} INFO - Using connection ID 'project_db' for task execution.
[2025-10-29T15:47:23.386+0000] {sql.py:487} INFO - Running statement: CREATE TABLE IF NOT EXISTS stop_search ("type" TEXT, "date" TEXT, "part_of_a_policing_operation" TEXT, "policing_operation" TEXT, "latitude" TEXT, "longitude" TEXT, "gender" TEXT, "age_range" TEXT, "self_defined_ethnicity" TEXT, "officer_defined_ethnicity" TEXT, "legislation" TEXT, "object_of_search" TEXT, "outcome" TEXT, "outcome_linked_to_object_of_search" TEXT, "removal_of_more_than_just_outer_clothing" TEXT, "data_month" TEXT);, parameters: None
[2025-10-29T15:47:23.388+0000] {base.py:84} INFO - Using connection ID 'project_db' for task execution.
[2025-10-29T15:47:23.399+0000] {sql.py:487} INFO - Running statement: DELETE FROM stop_search WHERE data_month = %s;, parameters: ('2025-08',)
[2025-10-29T15:47:23.402+0000] {sql.py:496} INFO - Rows affected: 234
[2025-10-29T15:47:23.456+0000] {logging_mixin.py:188} INFO - Loading crimes: 6398 rows
[2025-10-29T15:47:23.457+0000] {base.py:84} INFO - Using connection ID 'project_db' for task execution.
[2025-10-29T15:47:23.467+0000] {sql.py:487} INFO - Running statement: CREATE TABLE IF NOT EXISTS crimes ("crime_id" TEXT, "month" TEXT, "reported_by" TEXT, "falls_within" TEXT, "longitude" TEXT, "latitude" TEXT, "location" TEXT, "lsoa_code" TEXT, "lsoa_name" TEXT, "crime_type" TEXT, "last_outcome_category" TEXT, "context" TEXT, "data_month" TEXT);, parameters: None
[2025-10-29T15:47:23.470+0000] {base.py:84} INFO - Using connection ID 'project_db' for task execution.
[2025-10-29T15:47:23.481+0000] {sql.py:487} INFO - Running statement: DELETE FROM crimes WHERE data_month = %s;, parameters: ('2025-08',)
[2025-10-29T15:47:23.496+0000] {sql.py:496} INFO - Rows affected: 6970
[2025-10-29T15:47:23.824+0000] {logging_mixin.py:188} INFO - Loading stop_search: 235 rows
[2025-10-29T15:47:23.825+0000] {base.py:84} INFO - Using connection ID 'project_db' for task execution.
[2025-10-29T15:47:23.837+0000] {sql.py:487} INFO - Running statement: CREATE TABLE IF NOT EXISTS stop_search ("type" TEXT, "date" TEXT, "part_of_a_policing_operation" TEXT, "policing_operation" TEXT, "latitude" TEXT, "longitude" TEXT, "gender" TEXT, "age_range" TEXT, "self_defined_ethnicity" TEXT, "officer_defined_ethnicity" TEXT, "legislation" TEXT, "object_of_search" TEXT, "outcome" TEXT, "outcome_linked_to_object_of_search" TEXT, "removal_of_more_than_just_outer_clothing" TEXT, "data_month" TEXT);, parameters: None
[2025-10-29T15:47:23.840+0000] {base.py:84} INFO - Using connection ID 'project_db' for task execution.
[2025-10-29T15:47:23.851+0000] {sql.py:487} INFO - Running statement: DELETE FROM stop_search WHERE data_month = %s;, parameters: ('2025-08',)
[2025-10-29T15:47:23.854+0000] {sql.py:496} INFO - Rows affected: 296
[2025-10-29T15:47:23.912+0000] {logging_mixin.py:188} INFO - Loading crimes: 6043 rows
[2025-10-29T15:47:23.913+0000] {base.py:84} INFO - Using connection ID 'project_db' for task execution.
[2025-10-29T15:47:23.923+0000] {sql.py:487} INFO - Running statement: CREATE TABLE IF NOT EXISTS crimes ("crime_id" TEXT, "month" TEXT, "reported_by" TEXT, "falls_within" TEXT, "longitude" TEXT, "latitude" TEXT, "location" TEXT, "lsoa_code" TEXT, "lsoa_name" TEXT, "crime_type" TEXT, "last_outcome_category" TEXT, "context" TEXT, "data_month" TEXT);, parameters: None
[2025-10-29T15:47:23.926+0000] {base.py:84} INFO - Using connection ID 'project_db' for task execution.
[2025-10-29T15:47:23.937+0000] {sql.py:487} INFO - Running statement: DELETE FROM crimes WHERE data_month = %s;, parameters: ('2025-08',)
[2025-10-29T15:47:23.952+0000] {sql.py:496} INFO - Rows affected: 6398
[2025-10-29T15:47:24.353+0000] {logging_mixin.py:188} INFO - Loading stop_search: 190 rows
[2025-10-29T15:47:24.355+0000] {base.py:84} INFO - Using connection ID 'project_db' for task execution.
[2025-10-29T15:47:24.368+0000] {sql.py:487} INFO - Running statement: CREATE TABLE IF NOT EXISTS stop_search ("type" TEXT, "date" TEXT, "part_of_a_policing_operation" TEXT, "policing_operation" TEXT, "latitude" TEXT, "longitude" TEXT, "gender" TEXT, "age_range" TEXT, "self_defined_ethnicity" TEXT, "officer_defined_ethnicity" TEXT, "legislation" TEXT, "object_of_search" TEXT, "outcome" TEXT, "outcome_linked_to_object_of_search" TEXT, "removal_of_more_than_just_outer_clothing" TEXT, "data_month" TEXT);, parameters: None
[2025-10-29T15:47:24.371+0000] {base.py:84} INFO - Using connection ID 'project_db' for task execution.
[2025-10-29T15:47:24.383+0000] {sql.py:487} INFO - Running statement: DELETE FROM stop_search WHERE data_month = %s;, parameters: ('2025-08',)
[2025-10-29T15:47:24.386+0000] {sql.py:496} INFO - Rows affected: 235
[2025-10-29T15:47:24.561+0000] {logging_mixin.py:188} INFO - Loading crimes: 6267 rows
[2025-10-29T15:47:24.562+0000] {base.py:84} INFO - Using connection ID 'project_db' for task execution.
[2025-10-29T15:47:24.574+0000] {sql.py:487} INFO - Running statement: CREATE TABLE IF NOT EXISTS crimes ("crime_id" TEXT, "month" TEXT, "reported_by" TEXT, "falls_within" TEXT, "longitude" TEXT, "latitude" TEXT, "location" TEXT, "lsoa_code" TEXT, "lsoa_name" TEXT, "crime_type" TEXT, "last_outcome_category" TEXT, "context" TEXT, "data_month" TEXT);, parameters: None
[2025-10-29T15:47:24.576+0000] {base.py:84} INFO - Using connection ID 'project_db' for task execution.
[2025-10-29T15:47:24.586+0000] {sql.py:487} INFO - Running statement: DELETE FROM crimes WHERE data_month = %s;, parameters: ('2025-08',)
[2025-10-29T15:47:24.601+0000] {sql.py:496} INFO - Rows affected: 6043
[2025-10-29T15:47:24.965+0000] {logging_mixin.py:188} INFO - Loading stop_search: 224 rows
[2025-10-29T15:47:24.966+0000] {base.py:84} INFO - Using connection ID 'project_db' for task execution.
[2025-10-29T15:47:24.976+0000] {sql.py:487} INFO - Running statement: CREATE TABLE IF NOT EXISTS stop_search ("type" TEXT, "date" TEXT, "part_of_a_policing_operation" TEXT, "policing_operation" TEXT, "latitude" TEXT, "longitude" TEXT, "gender" TEXT, "age_range" TEXT, "self_defined_ethnicity" TEXT, "officer_defined_ethnicity" TEXT, "legislation" TEXT, "object_of_search" TEXT, "outcome" TEXT, "outcome_linked_to_object_of_search" TEXT, "removal_of_more_than_just_outer_clothing" TEXT, "data_month" TEXT);, parameters: None
[2025-10-29T15:47:24.979+0000] {base.py:84} INFO - Using connection ID 'project_db' for task execution.
[2025-10-29T15:47:24.989+0000] {sql.py:487} INFO - Running statement: DELETE FROM stop_search WHERE data_month = %s;, parameters: ('2025-08',)
[2025-10-29T15:47:24.991+0000] {sql.py:496} INFO - Rows affected: 190
[2025-10-29T15:47:25.043+0000] {logging_mixin.py:188} INFO - Loading crimes: 6152 rows
[2025-10-29T15:47:25.044+0000] {base.py:84} INFO - Using connection ID 'project_db' for task execution.
[2025-10-29T15:47:25.055+0000] {sql.py:487} INFO - Running statement: CREATE TABLE IF NOT EXISTS crimes ("crime_id" TEXT, "month" TEXT, "reported_by" TEXT, "falls_within" TEXT, "longitude" TEXT, "latitude" TEXT, "location" TEXT, "lsoa_code" TEXT, "lsoa_name" TEXT, "crime_type" TEXT, "last_outcome_category" TEXT, "context" TEXT, "data_month" TEXT);, parameters: None
[2025-10-29T15:47:25.057+0000] {base.py:84} INFO - Using connection ID 'project_db' for task execution.
[2025-10-29T15:47:25.069+0000] {sql.py:487} INFO - Running statement: DELETE FROM crimes WHERE data_month = %s;, parameters: ('2025-08',)
[2025-10-29T15:47:25.085+0000] {sql.py:496} INFO - Rows affected: 6267
[2025-10-29T15:47:25.427+0000] {logging_mixin.py:188} INFO - Loading stop_search: 169 rows
[2025-10-29T15:47:25.428+0000] {base.py:84} INFO - Using connection ID 'project_db' for task execution.
[2025-10-29T15:47:25.439+0000] {sql.py:487} INFO - Running statement: CREATE TABLE IF NOT EXISTS stop_search ("type" TEXT, "date" TEXT, "part_of_a_policing_operation" TEXT, "policing_operation" TEXT, "latitude" TEXT, "longitude" TEXT, "gender" TEXT, "age_range" TEXT, "self_defined_ethnicity" TEXT, "officer_defined_ethnicity" TEXT, "legislation" TEXT, "object_of_search" TEXT, "outcome" TEXT, "outcome_linked_to_object_of_search" TEXT, "removal_of_more_than_just_outer_clothing" TEXT, "data_month" TEXT);, parameters: None
[2025-10-29T15:47:25.441+0000] {base.py:84} INFO - Using connection ID 'project_db' for task execution.
[2025-10-29T15:47:25.456+0000] {sql.py:487} INFO - Running statement: DELETE FROM stop_search WHERE data_month = %s;, parameters: ('2025-08',)
[2025-10-29T15:47:25.458+0000] {sql.py:496} INFO - Rows affected: 224
[2025-10-29T15:47:25.514+0000] {logging_mixin.py:188} INFO - Loading crimes: 7245 rows
[2025-10-29T15:47:25.515+0000] {base.py:84} INFO - Using connection ID 'project_db' for task execution.
[2025-10-29T15:47:25.526+0000] {sql.py:487} INFO - Running statement: CREATE TABLE IF NOT EXISTS crimes ("crime_id" TEXT, "month" TEXT, "reported_by" TEXT, "falls_within" TEXT, "longitude" TEXT, "latitude" TEXT, "location" TEXT, "lsoa_code" TEXT, "lsoa_name" TEXT, "crime_type" TEXT, "last_outcome_category" TEXT, "context" TEXT, "data_month" TEXT);, parameters: None
[2025-10-29T15:47:25.529+0000] {base.py:84} INFO - Using connection ID 'project_db' for task execution.
[2025-10-29T15:47:25.541+0000] {sql.py:487} INFO - Running statement: DELETE FROM crimes WHERE data_month = %s;, parameters: ('2025-08',)
[2025-10-29T15:47:25.556+0000] {sql.py:496} INFO - Rows affected: 6152
[2025-10-29T15:47:25.956+0000] {logging_mixin.py:188} INFO - Loading stop_search: 214 rows
[2025-10-29T15:47:25.957+0000] {base.py:84} INFO - Using connection ID 'project_db' for task execution.
[2025-10-29T15:47:25.974+0000] {sql.py:487} INFO - Running statement: CREATE TABLE IF NOT EXISTS stop_search ("type" TEXT, "date" TEXT, "part_of_a_policing_operation" TEXT, "policing_operation" TEXT, "latitude" TEXT, "longitude" TEXT, "gender" TEXT, "age_range" TEXT, "self_defined_ethnicity" TEXT, "officer_defined_ethnicity" TEXT, "legislation" TEXT, "object_of_search" TEXT, "outcome" TEXT, "outcome_linked_to_object_of_search" TEXT, "removal_of_more_than_just_outer_clothing" TEXT, "data_month" TEXT);, parameters: None
[2025-10-29T15:47:25.976+0000] {base.py:84} INFO - Using connection ID 'project_db' for task execution.
[2025-10-29T15:47:25.994+0000] {sql.py:487} INFO - Running statement: DELETE FROM stop_search WHERE data_month = %s;, parameters: ('2025-08',)
[2025-10-29T15:47:25.997+0000] {sql.py:496} INFO - Rows affected: 169
[2025-10-29T15:47:26.059+0000] {logging_mixin.py:188} INFO - Loading crimes: 7096 rows
[2025-10-29T15:47:26.060+0000] {base.py:84} INFO - Using connection ID 'project_db' for task execution.
[2025-10-29T15:47:26.071+0000] {sql.py:487} INFO - Running statement: CREATE TABLE IF NOT EXISTS crimes ("crime_id" TEXT, "month" TEXT, "reported_by" TEXT, "falls_within" TEXT, "longitude" TEXT, "latitude" TEXT, "location" TEXT, "lsoa_code" TEXT, "lsoa_name" TEXT, "crime_type" TEXT, "last_outcome_category" TEXT, "context" TEXT, "data_month" TEXT);, parameters: None
[2025-10-29T15:47:26.073+0000] {base.py:84} INFO - Using connection ID 'project_db' for task execution.
[2025-10-29T15:47:26.084+0000] {sql.py:487} INFO - Running statement: DELETE FROM crimes WHERE data_month = %s;, parameters: ('2025-08',)
[2025-10-29T15:47:26.100+0000] {sql.py:496} INFO - Rows affected: 7245
[2025-10-29T15:47:26.493+0000] {logging_mixin.py:188} INFO - Loading stop_search: 410 rows
[2025-10-29T15:47:26.494+0000] {base.py:84} INFO - Using connection ID 'project_db' for task execution.
[2025-10-29T15:47:26.506+0000] {sql.py:487} INFO - Running statement: CREATE TABLE IF NOT EXISTS stop_search ("type" TEXT, "date" TEXT, "part_of_a_policing_operation" TEXT, "policing_operation" TEXT, "latitude" TEXT, "longitude" TEXT, "gender" TEXT, "age_range" TEXT, "self_defined_ethnicity" TEXT, "officer_defined_ethnicity" TEXT, "legislation" TEXT, "object_of_search" TEXT, "outcome" TEXT, "outcome_linked_to_object_of_search" TEXT, "removal_of_more_than_just_outer_clothing" TEXT, "data_month" TEXT);, parameters: None
[2025-10-29T15:47:26.509+0000] {base.py:84} INFO - Using connection ID 'project_db' for task execution.
[2025-10-29T15:47:26.520+0000] {sql.py:487} INFO - Running statement: DELETE FROM stop_search WHERE data_month = %s;, parameters: ('2025-08',)
[2025-10-29T15:47:26.523+0000] {sql.py:496} INFO - Rows affected: 214
[2025-10-29T15:47:26.598+0000] {logging_mixin.py:188} INFO - Loading crimes: 7609 rows
[2025-10-29T15:47:26.600+0000] {base.py:84} INFO - Using connection ID 'project_db' for task execution.
[2025-10-29T15:47:26.612+0000] {sql.py:487} INFO - Running statement: CREATE TABLE IF NOT EXISTS crimes ("crime_id" TEXT, "month" TEXT, "reported_by" TEXT, "falls_within" TEXT, "longitude" TEXT, "latitude" TEXT, "location" TEXT, "lsoa_code" TEXT, "lsoa_name" TEXT, "crime_type" TEXT, "last_outcome_category" TEXT, "context" TEXT, "data_month" TEXT);, parameters: None
[2025-10-29T15:47:26.615+0000] {base.py:84} INFO - Using connection ID 'project_db' for task execution.
[2025-10-29T15:47:26.627+0000] {sql.py:487} INFO - Running statement: DELETE FROM crimes WHERE data_month = %s;, parameters: ('2025-08',)
[2025-10-29T15:47:26.644+0000] {sql.py:496} INFO - Rows affected: 7096
[2025-10-29T15:47:27.161+0000] {logging_mixin.py:188} INFO - Loading stop_search: 231 rows
[2025-10-29T15:47:27.162+0000] {base.py:84} INFO - Using connection ID 'project_db' for task execution.
[2025-10-29T15:47:27.173+0000] {sql.py:487} INFO - Running statement: CREATE TABLE IF NOT EXISTS stop_search ("type" TEXT, "date" TEXT, "part_of_a_policing_operation" TEXT, "policing_operation" TEXT, "latitude" TEXT, "longitude" TEXT, "gender" TEXT, "age_range" TEXT, "self_defined_ethnicity" TEXT, "officer_defined_ethnicity" TEXT, "legislation" TEXT, "object_of_search" TEXT, "outcome" TEXT, "outcome_linked_to_object_of_search" TEXT, "removal_of_more_than_just_outer_clothing" TEXT, "data_month" TEXT);, parameters: None
[2025-10-29T15:47:27.176+0000] {base.py:84} INFO - Using connection ID 'project_db' for task execution.
[2025-10-29T15:47:27.186+0000] {sql.py:487} INFO - Running statement: DELETE FROM stop_search WHERE data_month = %s;, parameters: ('2025-08',)
[2025-10-29T15:47:27.189+0000] {sql.py:496} INFO - Rows affected: 410
[2025-10-29T15:47:27.245+0000] {logging_mixin.py:188} INFO - Loading crimes: 7811 rows
[2025-10-29T15:47:27.246+0000] {base.py:84} INFO - Using connection ID 'project_db' for task execution.
[2025-10-29T15:47:27.257+0000] {sql.py:487} INFO - Running statement: CREATE TABLE IF NOT EXISTS crimes ("crime_id" TEXT, "month" TEXT, "reported_by" TEXT, "falls_within" TEXT, "longitude" TEXT, "latitude" TEXT, "location" TEXT, "lsoa_code" TEXT, "lsoa_name" TEXT, "crime_type" TEXT, "last_outcome_category" TEXT, "context" TEXT, "data_month" TEXT);, parameters: None
[2025-10-29T15:47:27.260+0000] {base.py:84} INFO - Using connection ID 'project_db' for task execution.
[2025-10-29T15:47:27.271+0000] {sql.py:487} INFO - Running statement: DELETE FROM crimes WHERE data_month = %s;, parameters: ('2025-08',)
[2025-10-29T15:47:27.287+0000] {sql.py:496} INFO - Rows affected: 7609
[2025-10-29T15:47:27.796+0000] {logging_mixin.py:188} INFO - Loading stop_search: 174 rows
[2025-10-29T15:47:27.797+0000] {base.py:84} INFO - Using connection ID 'project_db' for task execution.
[2025-10-29T15:47:27.814+0000] {sql.py:487} INFO - Running statement: CREATE TABLE IF NOT EXISTS stop_search ("type" TEXT, "date" TEXT, "part_of_a_policing_operation" TEXT, "policing_operation" TEXT, "latitude" TEXT, "longitude" TEXT, "gender" TEXT, "age_range" TEXT, "self_defined_ethnicity" TEXT, "officer_defined_ethnicity" TEXT, "legislation" TEXT, "object_of_search" TEXT, "outcome" TEXT, "outcome_linked_to_object_of_search" TEXT, "removal_of_more_than_just_outer_clothing" TEXT, "data_month" TEXT);, parameters: None
[2025-10-29T15:47:27.816+0000] {base.py:84} INFO - Using connection ID 'project_db' for task execution.
[2025-10-29T15:47:27.827+0000] {sql.py:487} INFO - Running statement: DELETE FROM stop_search WHERE data_month = %s;, parameters: ('2025-08',)
[2025-10-29T15:47:27.831+0000] {sql.py:496} INFO - Rows affected: 231
[2025-10-29T15:47:27.902+0000] {logging_mixin.py:188} INFO - Loading crimes: 8040 rows
[2025-10-29T15:47:27.903+0000] {base.py:84} INFO - Using connection ID 'project_db' for task execution.
[2025-10-29T15:47:27.914+0000] {sql.py:487} INFO - Running statement: CREATE TABLE IF NOT EXISTS crimes ("crime_id" TEXT, "month" TEXT, "reported_by" TEXT, "falls_within" TEXT, "longitude" TEXT, "latitude" TEXT, "location" TEXT, "lsoa_code" TEXT, "lsoa_name" TEXT, "crime_type" TEXT, "last_outcome_category" TEXT, "context" TEXT, "data_month" TEXT);, parameters: None
[2025-10-29T15:47:27.916+0000] {base.py:84} INFO - Using connection ID 'project_db' for task execution.
[2025-10-29T15:47:27.938+0000] {sql.py:487} INFO - Running statement: DELETE FROM crimes WHERE data_month = %s;, parameters: ('2025-08',)
[2025-10-29T15:47:27.964+0000] {sql.py:496} INFO - Rows affected: 7811
[2025-10-29T15:47:28.598+0000] {logging_mixin.py:188} INFO - Loading stop_search: 218 rows
[2025-10-29T15:47:28.599+0000] {base.py:84} INFO - Using connection ID 'project_db' for task execution.
[2025-10-29T15:47:28.609+0000] {sql.py:487} INFO - Running statement: CREATE TABLE IF NOT EXISTS stop_search ("type" TEXT, "date" TEXT, "part_of_a_policing_operation" TEXT, "policing_operation" TEXT, "latitude" TEXT, "longitude" TEXT, "gender" TEXT, "age_range" TEXT, "self_defined_ethnicity" TEXT, "officer_defined_ethnicity" TEXT, "legislation" TEXT, "object_of_search" TEXT, "outcome" TEXT, "outcome_linked_to_object_of_search" TEXT, "removal_of_more_than_just_outer_clothing" TEXT, "data_month" TEXT);, parameters: None
[2025-10-29T15:47:28.612+0000] {base.py:84} INFO - Using connection ID 'project_db' for task execution.
[2025-10-29T15:47:28.623+0000] {sql.py:487} INFO - Running statement: DELETE FROM stop_search WHERE data_month = %s;, parameters: ('2025-08',)
[2025-10-29T15:47:28.626+0000] {sql.py:496} INFO - Rows affected: 174
[2025-10-29T15:47:28.689+0000] {logging_mixin.py:188} INFO - Loading crimes: 7555 rows
[2025-10-29T15:47:28.690+0000] {base.py:84} INFO - Using connection ID 'project_db' for task execution.
[2025-10-29T15:47:28.701+0000] {sql.py:487} INFO - Running statement: CREATE TABLE IF NOT EXISTS crimes ("crime_id" TEXT, "month" TEXT, "reported_by" TEXT, "falls_within" TEXT, "longitude" TEXT, "latitude" TEXT, "location" TEXT, "lsoa_code" TEXT, "lsoa_name" TEXT, "crime_type" TEXT, "last_outcome_category" TEXT, "context" TEXT, "data_month" TEXT);, parameters: None
[2025-10-29T15:47:28.703+0000] {base.py:84} INFO - Using connection ID 'project_db' for task execution.
[2025-10-29T15:47:28.714+0000] {sql.py:487} INFO - Running statement: DELETE FROM crimes WHERE data_month = %s;, parameters: ('2025-08',)
[2025-10-29T15:47:28.733+0000] {sql.py:496} INFO - Rows affected: 8040
[2025-10-29T15:47:29.336+0000] {logging_mixin.py:188} INFO - Loading stop_search: 186 rows
[2025-10-29T15:47:29.337+0000] {base.py:84} INFO - Using connection ID 'project_db' for task execution.
[2025-10-29T15:47:29.349+0000] {sql.py:487} INFO - Running statement: CREATE TABLE IF NOT EXISTS stop_search ("type" TEXT, "date" TEXT, "part_of_a_policing_operation" TEXT, "policing_operation" TEXT, "latitude" TEXT, "longitude" TEXT, "gender" TEXT, "age_range" TEXT, "self_defined_ethnicity" TEXT, "officer_defined_ethnicity" TEXT, "legislation" TEXT, "object_of_search" TEXT, "outcome" TEXT, "outcome_linked_to_object_of_search" TEXT, "removal_of_more_than_just_outer_clothing" TEXT, "data_month" TEXT);, parameters: None
[2025-10-29T15:47:29.351+0000] {base.py:84} INFO - Using connection ID 'project_db' for task execution.
[2025-10-29T15:47:29.363+0000] {sql.py:487} INFO - Running statement: DELETE FROM stop_search WHERE data_month = %s;, parameters: ('2025-08',)
[2025-10-29T15:47:29.367+0000] {sql.py:496} INFO - Rows affected: 218
[2025-10-29T15:47:29.393+0000] {logging_mixin.py:188} INFO - ✅ Done loading data for 2025-08
[2025-10-29T15:47:29.628+0000] {python.py:237} INFO - Done. Returned value was: None
[2025-10-29T15:47:29.629+0000] {taskinstance.py:441} INFO - ::group::Post task execution logs
[2025-10-29T15:47:29.646+0000] {taskinstance.py:1206} INFO - Marking task as SUCCESS. dag_id=police_data_ingestion, task_id=fetch_and_load_police_data, run_id=manual__2025-10-29T15:37:36.820712+00:00, execution_date=20251029T153736, start_date=20251029T153738, end_date=20251029T154729
[2025-10-29T15:47:29.695+0000] {local_task_job_runner.py:240} INFO - Task exited with return code 0
[2025-10-29T15:47:29.723+0000] {taskinstance.py:3503} INFO - 0 downstream tasks scheduled from follow-on schedule check
[2025-10-29T15:47:29.726+0000] {local_task_job_runner.py:222} INFO - ::endgroup::
