[2025-10-29T15:50:45.011+0000] {local_task_job_runner.py:120} INFO - ::group::Pre task execution logs
[2025-10-29T15:50:45.074+0000] {taskinstance.py:2076} INFO - Dependencies all met for dep_context=non-requeueable deps ti=<TaskInstance: move_data_to_clickhouse.load_bronze_crime_raw manual__2025-10-29T15:50:40.383544+00:00 [queued]>
[2025-10-29T15:50:45.093+0000] {taskinstance.py:2076} INFO - Dependencies all met for dep_context=requeueable deps ti=<TaskInstance: move_data_to_clickhouse.load_bronze_crime_raw manual__2025-10-29T15:50:40.383544+00:00 [queued]>
[2025-10-29T15:50:45.095+0000] {taskinstance.py:2306} INFO - Starting attempt 1 of 1
[2025-10-29T15:50:45.116+0000] {taskinstance.py:2330} INFO - Executing <Task(PythonOperator): load_bronze_crime_raw> on 2025-10-29 15:50:40.383544+00:00
[2025-10-29T15:50:45.133+0000] {standard_task_runner.py:90} INFO - Running: ['***', 'tasks', 'run', 'move_data_to_clickhouse', 'load_bronze_crime_raw', 'manual__2025-10-29T15:50:40.383544+00:00', '--job-id', '6', '--raw', '--subdir', 'DAGS_FOLDER/etl_clickhouse.py', '--cfg-path', '/tmp/tmpl2yqxibb']
[2025-10-29T15:50:45.136+0000] {standard_task_runner.py:91} INFO - Job 6: Subtask load_bronze_crime_raw
[2025-10-29T15:50:45.142+0000] {logging_mixin.py:188} WARNING - /home/***/.local/lib/python3.12/site-packages/***/task/task_runner/standard_task_runner.py:61 DeprecationWarning: This process (pid=986) is multi-threaded, use of fork() may lead to deadlocks in the child.
[2025-10-29T15:50:45.143+0000] {standard_task_runner.py:63} INFO - Started process 998 to run task
[2025-10-29T15:50:45.259+0000] {task_command.py:426} INFO - Running <TaskInstance: move_data_to_clickhouse.load_bronze_crime_raw manual__2025-10-29T15:50:40.383544+00:00 [running]> on host f95ea7d4b7e5
[2025-10-29T15:50:45.801+0000] {taskinstance.py:2648} INFO - Exporting env vars: AIRFLOW_CTX_DAG_OWNER='***' AIRFLOW_CTX_DAG_ID='move_data_to_clickhouse' AIRFLOW_CTX_TASK_ID='load_bronze_crime_raw' AIRFLOW_CTX_EXECUTION_DATE='2025-10-29T15:50:40.383544+00:00' AIRFLOW_CTX_TRY_NUMBER='1' AIRFLOW_CTX_DAG_RUN_ID='manual__2025-10-29T15:50:40.383544+00:00'
[2025-10-29T15:50:45.803+0000] {taskinstance.py:430} INFO - ::endgroup::
[2025-10-29T15:50:46.121+0000] {logging_mixin.py:188} INFO - DATAFRAME DF TYPES: crime_id                  object
month                     object
reported_by               object
falls_within              object
longitude                float64
latitude                 float64
location                  object
lsoa_code                 object
lsoa_name                 object
crime_type                object
last_outcome_category     object
context                  float64
data_month                object
dtype: object
[2025-10-29T15:50:46.127+0000] {logging_mixin.py:188} INFO - CLICKHOUSE TABLE SCHEMA: ['crime_id', 'String', '', '', '', '', '\nmonth', 'String', '', '', '', '', '\nreported_by', 'String', '', '', '', '', '\nfalls_within', 'String', '', '', '', '', '\nlongitude', 'Float64', '', '', '', '', '\nlatitude', 'Float64', '', '', '', '', '\nlocation', 'String', '', '', '', '', '\nlsoa_code', 'String', '', '', '', '', '\nlsoa_name', 'String', '', '', '', '', '\ncrime_type', 'String', '', '', '', '', '\nlast_outcome_category', 'String', '', '', '', '', '\ncontext', 'Float64', '', '', '', '', '\ndata_month', 'String', '', '', '', '', '\n_ingest_ts', 'DateTime', 'DEFAULT', 'now()', '', '', '']
[2025-10-29T15:50:46.204+0000] {logging_mixin.py:188} INFO - Loaded 7555 rows into Clickhouse table 'bronze.bronze_crime_raw'
[2025-10-29T15:50:46.205+0000] {python.py:237} INFO - Done. Returned value was: None
[2025-10-29T15:50:46.206+0000] {taskinstance.py:441} INFO - ::group::Post task execution logs
[2025-10-29T15:50:46.222+0000] {taskinstance.py:1206} INFO - Marking task as SUCCESS. dag_id=move_data_to_clickhouse, task_id=load_bronze_crime_raw, run_id=manual__2025-10-29T15:50:40.383544+00:00, execution_date=20251029T155040, start_date=20251029T155045, end_date=20251029T155046
[2025-10-29T15:50:46.288+0000] {local_task_job_runner.py:240} INFO - Task exited with return code 0
[2025-10-29T15:50:46.311+0000] {taskinstance.py:3503} INFO - 0 downstream tasks scheduled from follow-on schedule check
[2025-10-29T15:50:46.314+0000] {local_task_job_runner.py:222} INFO - ::endgroup::
