[2025-10-29T15:50:42.506+0000] {local_task_job_runner.py:120} INFO - ::group::Pre task execution logs
[2025-10-29T15:50:42.575+0000] {taskinstance.py:2076} INFO - Dependencies all met for dep_context=non-requeueable deps ti=<TaskInstance: move_data_to_clickhouse.extract_bronze_crime_raw manual__2025-10-29T15:50:40.383544+00:00 [queued]>
[2025-10-29T15:50:42.587+0000] {taskinstance.py:2076} INFO - Dependencies all met for dep_context=requeueable deps ti=<TaskInstance: move_data_to_clickhouse.extract_bronze_crime_raw manual__2025-10-29T15:50:40.383544+00:00 [queued]>
[2025-10-29T15:50:42.588+0000] {taskinstance.py:2306} INFO - Starting attempt 1 of 1
[2025-10-29T15:50:42.603+0000] {taskinstance.py:2330} INFO - Executing <Task(PythonOperator): extract_bronze_crime_raw> on 2025-10-29 15:50:40.383544+00:00
[2025-10-29T15:50:42.615+0000] {standard_task_runner.py:90} INFO - Running: ['***', 'tasks', 'run', 'move_data_to_clickhouse', 'extract_bronze_crime_raw', 'manual__2025-10-29T15:50:40.383544+00:00', '--job-id', '3', '--raw', '--subdir', 'DAGS_FOLDER/etl_clickhouse.py', '--cfg-path', '/tmp/tmpiiytpi70']
[2025-10-29T15:50:42.619+0000] {standard_task_runner.py:91} INFO - Job 3: Subtask extract_bronze_crime_raw
[2025-10-29T15:50:42.620+0000] {logging_mixin.py:188} WARNING - /home/***/.local/lib/python3.12/site-packages/***/task/task_runner/standard_task_runner.py:61 DeprecationWarning: This process (pid=980) is multi-threaded, use of fork() may lead to deadlocks in the child.
[2025-10-29T15:50:42.621+0000] {standard_task_runner.py:63} INFO - Started process 985 to run task
[2025-10-29T15:50:42.719+0000] {task_command.py:426} INFO - Running <TaskInstance: move_data_to_clickhouse.extract_bronze_crime_raw manual__2025-10-29T15:50:40.383544+00:00 [running]> on host f95ea7d4b7e5
[2025-10-29T15:50:43.110+0000] {taskinstance.py:2648} INFO - Exporting env vars: AIRFLOW_CTX_DAG_OWNER='***' AIRFLOW_CTX_DAG_ID='move_data_to_clickhouse' AIRFLOW_CTX_TASK_ID='extract_bronze_crime_raw' AIRFLOW_CTX_EXECUTION_DATE='2025-10-29T15:50:40.383544+00:00' AIRFLOW_CTX_TRY_NUMBER='1' AIRFLOW_CTX_DAG_RUN_ID='manual__2025-10-29T15:50:40.383544+00:00'
[2025-10-29T15:50:43.112+0000] {taskinstance.py:430} INFO - ::endgroup::
[2025-10-29T15:50:43.150+0000] {logging_mixin.py:188} WARNING - /opt/***/dags/etl_clickhouse.py:21 UserWarning: pandas only supports SQLAlchemy connectable (engine/connection) or database string URI or sqlite3 DBAPI2 connection. Other DBAPI2 objects are not tested. Please consider using SQLAlchemy.
[2025-10-29T15:50:43.202+0000] {logging_mixin.py:188} INFO - Extracted 7555 rows from Postgres table 'bronze_crime_raw'
[2025-10-29T15:50:43.272+0000] {logging_mixin.py:188} INFO - Data from table 'bronze_crime_raw' written to /tmp/bronze_crime_raw.csv, rows: 7555
[2025-10-29T15:50:43.296+0000] {python.py:237} INFO - Done. Returned value was: None
[2025-10-29T15:50:43.296+0000] {taskinstance.py:441} INFO - ::group::Post task execution logs
[2025-10-29T15:50:43.314+0000] {taskinstance.py:1206} INFO - Marking task as SUCCESS. dag_id=move_data_to_clickhouse, task_id=extract_bronze_crime_raw, run_id=manual__2025-10-29T15:50:40.383544+00:00, execution_date=20251029T155040, start_date=20251029T155042, end_date=20251029T155043
[2025-10-29T15:50:43.358+0000] {local_task_job_runner.py:240} INFO - Task exited with return code 0
[2025-10-29T15:50:43.386+0000] {taskinstance.py:3503} INFO - 1 downstream tasks scheduled from follow-on schedule check
[2025-10-29T15:50:43.389+0000] {local_task_job_runner.py:222} INFO - ::endgroup::
